Archive member included to satisfy reference by file (symbol)

C:/ST/STM32CubeIDE_1.16.1/STM32CubeIDE/plugins/com.st.stm32cube.ide.mcu.externaltools.gnu-tools-for-stm32.12.3.rel1.win32_1.0.200.202406191623/tools/bin/../lib/gcc/arm-none-eabi/12.3.1/../../../../arm-none-eabi/lib/thumb/v7-m/nofp\libc_nano.a(libc_a-exit.o)
                              C:/ST/STM32CubeIDE_1.16.1/STM32CubeIDE/plugins/com.st.stm32cube.ide.mcu.externaltools.gnu-tools-for-stm32.12.3.rel1.win32_1.0.200.202406191623/tools/bin/../lib/gcc/arm-none-eabi/12.3.1/../../../../arm-none-eabi/lib/thumb/v7-m/nofp/crt0.o (exit)
C:/ST/STM32CubeIDE_1.16.1/STM32CubeIDE/plugins/com.st.stm32cube.ide.mcu.externaltools.gnu-tools-for-stm32.12.3.rel1.win32_1.0.200.202406191623/tools/bin/../lib/gcc/arm-none-eabi/12.3.1/../../../../arm-none-eabi/lib/thumb/v7-m/nofp\libc_nano.a(libc_a-findfp.o)
                              C:/ST/STM32CubeIDE_1.16.1/STM32CubeIDE/plugins/com.st.stm32cube.ide.mcu.externaltools.gnu-tools-for-stm32.12.3.rel1.win32_1.0.200.202406191623/tools/bin/../lib/gcc/arm-none-eabi/12.3.1/../../../../arm-none-eabi/lib/thumb/v7-m/nofp\libc_nano.a(libc_a-exit.o) (__stdio_exit_handler)
C:/ST/STM32CubeIDE_1.16.1/STM32CubeIDE/plugins/com.st.stm32cube.ide.mcu.externaltools.gnu-tools-for-stm32.12.3.rel1.win32_1.0.200.202406191623/tools/bin/../lib/gcc/arm-none-eabi/12.3.1/../../../../arm-none-eabi/lib/thumb/v7-m/nofp\libc_nano.a(libc_a-fwalk.o)
                              C:/ST/STM32CubeIDE_1.16.1/STM32CubeIDE/plugins/com.st.stm32cube.ide.mcu.externaltools.gnu-tools-for-stm32.12.3.rel1.win32_1.0.200.202406191623/tools/bin/../lib/gcc/arm-none-eabi/12.3.1/../../../../arm-none-eabi/lib/thumb/v7-m/nofp\libc_nano.a(libc_a-findfp.o) (_fwalk_sglue)
C:/ST/STM32CubeIDE_1.16.1/STM32CubeIDE/plugins/com.st.stm32cube.ide.mcu.externaltools.gnu-tools-for-stm32.12.3.rel1.win32_1.0.200.202406191623/tools/bin/../lib/gcc/arm-none-eabi/12.3.1/../../../../arm-none-eabi/lib/thumb/v7-m/nofp\libc_nano.a(libc_a-stdio.o)
                              C:/ST/STM32CubeIDE_1.16.1/STM32CubeIDE/plugins/com.st.stm32cube.ide.mcu.externaltools.gnu-tools-for-stm32.12.3.rel1.win32_1.0.200.202406191623/tools/bin/../lib/gcc/arm-none-eabi/12.3.1/../../../../arm-none-eabi/lib/thumb/v7-m/nofp\libc_nano.a(libc_a-findfp.o) (__sread)
C:/ST/STM32CubeIDE_1.16.1/STM32CubeIDE/plugins/com.st.stm32cube.ide.mcu.externaltools.gnu-tools-for-stm32.12.3.rel1.win32_1.0.200.202406191623/tools/bin/../lib/gcc/arm-none-eabi/12.3.1/../../../../arm-none-eabi/lib/thumb/v7-m/nofp\libc_nano.a(libc_a-memset.o)
                              C:/ST/STM32CubeIDE_1.16.1/STM32CubeIDE/plugins/com.st.stm32cube.ide.mcu.externaltools.gnu-tools-for-stm32.12.3.rel1.win32_1.0.200.202406191623/tools/bin/../lib/gcc/arm-none-eabi/12.3.1/../../../../arm-none-eabi/lib/thumb/v7-m/nofp/crt0.o (memset)
C:/ST/STM32CubeIDE_1.16.1/STM32CubeIDE/plugins/com.st.stm32cube.ide.mcu.externaltools.gnu-tools-for-stm32.12.3.rel1.win32_1.0.200.202406191623/tools/bin/../lib/gcc/arm-none-eabi/12.3.1/../../../../arm-none-eabi/lib/thumb/v7-m/nofp\libc_nano.a(libc_a-closer.o)
                              C:/ST/STM32CubeIDE_1.16.1/STM32CubeIDE/plugins/com.st.stm32cube.ide.mcu.externaltools.gnu-tools-for-stm32.12.3.rel1.win32_1.0.200.202406191623/tools/bin/../lib/gcc/arm-none-eabi/12.3.1/../../../../arm-none-eabi/lib/thumb/v7-m/nofp\libc_nano.a(libc_a-stdio.o) (_close_r)
C:/ST/STM32CubeIDE_1.16.1/STM32CubeIDE/plugins/com.st.stm32cube.ide.mcu.externaltools.gnu-tools-for-stm32.12.3.rel1.win32_1.0.200.202406191623/tools/bin/../lib/gcc/arm-none-eabi/12.3.1/../../../../arm-none-eabi/lib/thumb/v7-m/nofp\libc_nano.a(libc_a-reent.o)
                              C:/ST/STM32CubeIDE_1.16.1/STM32CubeIDE/plugins/com.st.stm32cube.ide.mcu.externaltools.gnu-tools-for-stm32.12.3.rel1.win32_1.0.200.202406191623/tools/bin/../lib/gcc/arm-none-eabi/12.3.1/../../../../arm-none-eabi/lib/thumb/v7-m/nofp\libc_nano.a(libc_a-closer.o) (errno)
C:/ST/STM32CubeIDE_1.16.1/STM32CubeIDE/plugins/com.st.stm32cube.ide.mcu.externaltools.gnu-tools-for-stm32.12.3.rel1.win32_1.0.200.202406191623/tools/bin/../lib/gcc/arm-none-eabi/12.3.1/../../../../arm-none-eabi/lib/thumb/v7-m/nofp\libc_nano.a(libc_a-impure.o)
                              C:/ST/STM32CubeIDE_1.16.1/STM32CubeIDE/plugins/com.st.stm32cube.ide.mcu.externaltools.gnu-tools-for-stm32.12.3.rel1.win32_1.0.200.202406191623/tools/bin/../lib/gcc/arm-none-eabi/12.3.1/../../../../arm-none-eabi/lib/thumb/v7-m/nofp\libc_nano.a(libc_a-reent.o) (_impure_ptr)
C:/ST/STM32CubeIDE_1.16.1/STM32CubeIDE/plugins/com.st.stm32cube.ide.mcu.externaltools.gnu-tools-for-stm32.12.3.rel1.win32_1.0.200.202406191623/tools/bin/../lib/gcc/arm-none-eabi/12.3.1/../../../../arm-none-eabi/lib/thumb/v7-m/nofp\libc_nano.a(libc_a-lseekr.o)
[...]
Memory Configuration

Name             Origin             Length             Attributes
RAM              0x20000000         0x00005000         xrw
FLASH            0x08000000         0x00010000         xr
*default*        0x00000000         0xffffffff

Linker script and memory map

LOAD C:/ST/STM32CubeIDE_1.16.1/STM32CubeIDE/plugins/com.st.stm32cube.ide.mcu.externaltools.gnu-tools-for-stm32.12.3.rel1.win32_1.0.200.202406191623/tools/bin/../lib/gcc/arm-none-eabi/12.3.1/thumb/v7-m/nofp/crti.o
LOAD C:/ST/STM32CubeIDE_1.16.1/STM32CubeIDE/plugins/com.st.stm32cube.ide.mcu.externaltools.gnu-tools-for-stm32.12.3.rel1.win32_1.0.200.202406191623/tools/bin/../lib/gcc/arm-none-eabi/12.3.1/thumb/v7-m/nofp/crtbegin.o
LOAD C:/ST/STM32CubeIDE_1.16.1/STM32CubeIDE/plugins/com.st.stm32cube.ide.mcu.externaltools.gnu-tools-for-stm32.12.3.rel1.win32_1.0.200.202406191623/tools/bin/../lib/gcc/arm-none-eabi/12.3.1/../../../../arm-none-eabi/lib/thumb/v7-m/nofp/crt0.o
LOAD ./Core/Src/gpio.o
LOAD ./Core/Src/main.o
LOAD ./Core/Src/motor.o
LOAD ./Core/Src/stm32f1xx_hal_msp.o
LOAD ./Core/Src/stm32f1xx_it.o
LOAD ./Core/Src/syscalls.o
LOAD ./Core/Src/sysmem.o
LOAD ./Core/Src/system_stm32f1xx.o
LOAD ./Core/Src/tim.o
LOAD ./Core/Src/usart.o
LOAD ./Core/Startup/startup_stm32f103c8tx.o
LOAD ./Drivers/STM32F1xx_HAL_Driver/Src/stm32f1xx_hal.o
LOAD ./Drivers/STM32F1xx_HAL_Driver/Src/stm32f1xx_hal_cortex.o
LOAD ./Drivers/STM32F1xx_HAL_Driver/Src/stm32f1xx_hal_dma.o
LOAD ./Drivers/STM32F1xx_HAL_Driver/Src/stm32f1xx_hal_exti.o
LOAD ./Drivers/STM32F1xx_HAL_Driver/Src/stm32f1xx_hal_flash.o
LOAD ./Drivers/STM32F1xx_HAL_Driver/Src/stm32f1xx_hal_flash_ex.o
LOAD ./Drivers/STM32F1xx_HAL_Driver/Src/stm32f1xx_hal_gpio.o
LOAD ./Drivers/STM32F1xx_HAL_Driver/Src/stm32f1xx_hal_gpio_ex.o
LOAD ./Drivers/STM32F1xx_HAL_Driver/Src/stm32f1xx_hal_pwr.o
LOAD ./Drivers/STM32F1xx_HAL_Driver/Src/stm32f1xx_hal_rcc.o
LOAD ./Drivers/STM32F1xx_HAL_Driver/Src/stm32f1xx_hal_rcc_ex.o
LOAD ./Drivers/STM32F1xx_HAL_Driver/Src/stm32f1xx_hal_tim.o
LOAD ./Drivers/STM32F1xx_HAL_Driver/Src/stm32f1xx_hal_tim_ex.o
LOAD ./Drivers/STM32F1xx_HAL_Driver/Src/stm32f1xx_hal_uart.o
START GROUP
LOAD C:/ST/STM32CubeIDE_1.16.1/STM32CubeIDE/plugins/com.st.stm32cube.ide.mcu.externaltools.gnu-tools-for-stm32.12.3.rel1.win32_1.0.200.202406191623/tools/bin/../lib/gcc/arm-none-eabi/12.3.1/../../../../arm-none-eabi/lib/thumb/v7-m/nofp\libc_nano.a
LOAD C:/ST/STM32CubeIDE_1.16.1/STM32CubeIDE/plugins/com.st.stm32cube.ide.mcu.externaltools.gnu-tools-for-stm32.12.3.rel1.win32_1.0.200.202406191623/tools/bin/../lib/gcc/arm-none-eabi/12.3.1/../../../../arm-none-eabi/lib/thumb/v7-m/nofp\libm.a
END GROUP
START GROUP
LOAD C:/ST/STM32CubeIDE_1.16.1/STM32CubeIDE/plugins/com.st.stm32cube.ide.mcu.externaltools.gnu-tools-for-stm32.12.3.rel1.win32_1.0.200.202406191623/tools/bin/../lib/gcc/arm-none-eabi/12.3.1/thumb/v7-m/nofp\libgcc.a
LOAD C:/ST/STM32CubeIDE_1.16.1/STM32CubeIDE/plugins/com.st.stm32cube.ide.mcu.externaltools.gnu-tools-for-stm32.12.3.rel1.win32_1.0.200.202406191623/tools/bin/../lib/gcc/arm-none-eabi/12.3.1/../../../../arm-none-eabi/lib/thumb/v7-m/nofp\libc_nano.a
END GROUP
START GROUP
LOAD C:/ST/STM32CubeIDE_1.16.1/STM32CubeIDE/plugins/com.st.stm32cube.ide.mcu.externaltools.gnu-tools-for-stm32.12.3.rel1.win32_1.0.200.202406191623/tools/bin/../lib/gcc/arm-none-eabi/12.3.1/thumb/v7-m/nofp\libgcc.a
LOAD C:/ST/STM32CubeIDE_1.16.1/STM32CubeIDE/plugins/com.st.stm32cube.ide.mcu.externaltools.gnu-tools-for-stm32.12.3.rel1.win32_1.0.200.202406191623/tools/bin/../lib/gcc/arm-none-eabi/12.3.1/../../../../arm-none-eabi/lib/thumb/v7-m/nofp\libc_nano.a
LOAD C:/ST/STM32CubeIDE_1.16.1/STM32CubeIDE/plugins/com.st.stm32cube.ide.mcu.externaltools.gnu-tools-for-stm32.12.3.rel1.win32_1.0.200.202406191623/tools/bin/../lib/gcc/arm-none-eabi/12.3.1/../../../../arm-none-eabi/lib/thumb/v7-m/nofp\libnosys.a
END GROUP
START GROUP
LOAD C:/ST/STM32CubeIDE_1.16.1/STM32CubeIDE/plugins/com.st.stm32cube.ide.mcu.externaltools.gnu-tools-for-stm32.12.3.rel1.win32_1.0.200.202406191623/tools/bin/../lib/gcc/arm-none-eabi/12.3.1/thumb/v7-m/nofp\libgcc.a
LOAD C:/ST/STM32CubeIDE_1.16.1/STM32CubeIDE/plugins/com.st.stm32cube.ide.mcu.externaltools.gnu-tools-for-stm32.12.3.rel1.win32_1.0.200.202406191623/tools/bin/../lib/gcc/arm-none-eabi/12.3.1/../../../../arm-none-eabi/lib/thumb/v7-m/nofp\libc_nano.a
LOAD C:/ST/STM32CubeIDE_1.16.1/STM32CubeIDE/plugins/com.st.stm32cube.ide.mcu.externaltools.gnu-tools-for-stm32.12.3.rel1.win32_1.0.200.202406191623/tools/bin/../lib/gcc/arm-none-eabi/12.3.1/../../../../arm-none-eabi/lib/thumb/v7-m/nofp\libnosys.a
END GROUP
LOAD C:/ST/STM32CubeIDE_1.16.1/STM32CubeIDE/plugins/com.st.stm32cube.ide.mcu.externaltools.gnu-tools-for-stm32.12.3.rel1.win32_1.0.200.202406191623/tools/bin/../lib/gcc/arm-none-eabi/12.3.1/thumb/v7-m/nofp/crtend.o
LOAD C:/ST/STM32CubeIDE_1.16.1/STM32CubeIDE/plugins/com.st.stm32cube.ide.mcu.externaltools.gnu-tools-for-stm32.12.3.rel1.win32_1.0.200.202406191623/tools/bin/../lib/gcc/arm-none-eabi/12.3.1/thumb/v7-m/nofp/crtn.o
                0x20005000                        _estack = (ORIGIN (RAM) + LENGTH (RAM))
                0x00000200                        _Min_Heap_Size = 0x200
                0x00000400                        _Min_Stack_Size = 0x400

.isr_vector     0x08000000      0x10c
                0x08000000                        . = ALIGN (0x4)
 *(.isr_vector)
 .isr_vector    0x08000000      0x10c ./Core/Startup/startup_stm32f103c8tx.o
                0x08000000                g_pfnVectors
                0x0800010c                        . = ALIGN (0x4)

.text           0x0800010c     0x53ac
                0x0800010c                        . = ALIGN (0x4)
 *(.text)
 .text          0x0800010c       0x40 C:/ST/STM32CubeIDE_1.16.1/STM32CubeIDE/plugins/com.st.stm32cube.ide.mcu.externaltools.gnu-tools-for-stm32.12.3.rel1.win32_1.0.200.202406191623/tools/bin/../lib/gcc/arm-none-eabi/12.3.1/thumb/v7-m/nofp/crtbegin.o
 .text          0x0800014c       0x1c C:/ST/STM32CubeIDE_1.16.1/STM32CubeIDE/plugins/com.st.stm32cube.ide.mcu.externaltools.gnu-tools-for-stm32.12.3.rel1.win32_1.0.200.202406191623/tools/bin/../lib/gcc/arm-none-eabi/12.3.1/../../../../arm-none-eabi/lib/thumb/v7-m/nofp\libc_nano.a(libc_a-setjmp.o)
                0x0800014c                setjmp
                0x08000158                longjmp
 .text          0x08000168       0x10 C:/ST/STM32CubeIDE_1.16.1/STM32CubeIDE/plugins/com.st.stm32cube.ide.mcu.externaltools.gnu-tools-for-stm32.12.3.rel1.win32_1.0.200.202406191623/tools/bin/../lib/gcc/arm-none-eabi/12.3.1/../../../../arm-none-eabi/lib/thumb/v7-m/nofp\libc_nano.a(libc_a-strlen.o)
                0x08000168                strlen
 .text          0x08000178      0x168 C:/ST/STM32CubeIDE_1.16.1/STM32CubeIDE/plugins/com.st.stm32cube.ide.mcu.externaltools.gnu-tools-for-stm32.12.3.rel1.win32_1.0.200.202406191623/tools/bin/../lib/gcc/arm-none-eabi/12.3.1/thumb/v7-m/nofp\libgcc.a(_arm_mulsf3.o)
                0x08000178                __aeabi_fmul
                0x08000178                __mulsf3
 .text          0x080002e0      0x21c C:/ST/STM32CubeIDE_1.16.1/STM32CubeIDE/plugins/com.st.stm32cube.ide.mcu.externaltools.gnu-tools-for-stm32.12.3.rel1.win32_1.0.200.202406191623/tools/bin/../lib/gcc/arm-none-eabi/12.3.1/thumb/v7-m/nofp\libgcc.a(_arm_addsubsf3.o)
                0x080002e0                __aeabi_frsub
                0x080002e8                __subsf3
                0x080002e8                __aeabi_fsub
                0x080002ec                __aeabi_fadd
                0x080002ec                __addsf3
                0x0800044c                __aeabi_ui2f
                0x0800044c                __floatunsisf
                0x08000454                __aeabi_i2f
                0x08000454                __floatsisf
                0x08000470                __aeabi_ul2f
                0x08000470                __floatundisf
                0x08000480                __aeabi_l2f
                0x08000480                __floatdisf
 .text          0x080004fc       0xec C:/ST/STM32CubeIDE_1.16.1/STM32CubeIDE/plugins/com.st.stm32cube.ide.mcu.externaltools.gnu-tools-for-stm32.12.3.rel1.win32_1.0.200.202406191623/tools/bin/../lib/gcc/arm-none-eabi/12.3.1/thumb/v7-m/nofp\libgcc.a(_arm_cmpsf2.o)
                0x080004fc                __gesf2
                0x080004fc                __gtsf2
                0x08000504                __lesf2
                0x08000504                __ltsf2
                0x0800050c                __nesf2
                0x0800050c                __eqsf2
                0x0800050c                __cmpsf2
                0x0800056c                __aeabi_cfrcmple
                0x08000574                __aeabi_cfcmpeq
                0x08000574                __aeabi_cfcmple
                0x08000584                __aeabi_fcmpeq
                0x08000598                __aeabi_fcmplt
                0x080005ac                __aeabi_fcmple
                0x080005c0                __aeabi_fcmpge
                0x080005d4                __aeabi_fcmpgt
 .text          0x080005e8       0x4c C:/ST/STM32CubeIDE_1.16.1/STM32CubeIDE/plugins/com.st.stm32cube.ide.mcu.externaltools.gnu-tools-for-stm32.12.3.rel1.win32_1.0.200.202406191623/tools/bin/../lib/gcc/arm-none-eabi/12.3.1/thumb/v7-m/nofp\libgcc.a(_arm_fixsfsi.o)
                0x080005e8                __aeabi_f2iz
                0x080005e8                __fixsfsi
 .text          0x08000634      0xa00 C:/ST/STM32CubeIDE_1.16.1/STM32CubeIDE/plugins/com.st.stm32cube.ide.mcu.externaltools.gnu-tools-for-stm32.12.3.rel1.win32_1.0.200.202406191623/tools/bin/../lib/gcc/arm-none-eabi/12.3.1/thumb/v7-m/nofp\libgcc.a(unwind-arm.o)
                0x080008f4                _Unwind_GetCFA
                0x080008f8                __gnu_Unwind_RaiseException
                0x08000960                __gnu_Unwind_ForcedUnwind
                0x08000974                __gnu_Unwind_Resume
                0x080009b8                __gnu_Unwind_Resume_or_Rethrow
                0x080009cc                _Unwind_Complete
                0x080009d0                _Unwind_DeleteException
                0x080009dc                _Unwind_VRS_Get
                0x08000a28                _Unwind_VRS_Set
                0x08000a70                __gnu_Unwind_Backtrace
                0x08000d88                __aeabi_unwind_cpp_pr0
                0x08000d8c                __aeabi_unwind_cpp_pr1
                0x08000d90                __aeabi_unwind_cpp_pr2
                0x08000d94                _Unwind_VRS_Pop
 .text          0x08001034      0x1ac C:/ST/STM32CubeIDE_1.16.1/STM32CubeIDE/plugins/com.st.stm32cube.ide.mcu.externaltools.gnu-tools-for-stm32.12.3.rel1.win32_1.0.200.202406191623/tools/bin/../lib/gcc/arm-none-eabi/12.3.1/thumb/v7-m/nofp\libgcc.a(libunwind.o)
                0x08001034                __restore_core_regs
                0x08001034                restore_core_regs
                0x0800104c                __gnu_Unwind_Restore_VFP
                0x08001054                __gnu_Unwind_Save_VFP
                0x0800105c                __gnu_Unwind_Restore_VFP_D
                0x08001064                __gnu_Unwind_Save_VFP_D
                0x0800106c                __gnu_Unwind_Restore_VFP_D_16_to_31
                0x08001074                __gnu_Unwind_Save_VFP_D_16_to_31
                0x0800107c                __gnu_Unwind_Restore_WMMXD
                0x080010c0                __gnu_Unwind_Save_WMMXD
                0x08001104                __gnu_Unwind_Restore_WMMXC
                0x08001118                __gnu_Unwind_Save_WMMXC
                0x0800112c                ___Unwind_RaiseException
                0x0800112c                _Unwind_RaiseException
                0x08001150                _Unwind_Resume
                0x08001150                ___Unwind_Resume
                0x08001174                _Unwind_Resume_or_Rethrow
                0x08001174                ___Unwind_Resume_or_Rethrow
                0x08001198                _Unwind_ForcedUnwind
                0x08001198                ___Unwind_ForcedUnwind
                0x080011bc                ___Unwind_Backtrace
                0x080011bc                _Unwind_Backtrace
 .text          0x080011e0      0x37c C:/ST/STM32CubeIDE_1.16.1/STM32CubeIDE/plugins/com.st.stm32cube.ide.mcu.externaltools.gnu-tools-for-stm32.12.3.rel1.win32_1.0.200.202406191623/tools/bin/../lib/gcc/arm-none-eabi/12.3.1/thumb/v7-m/nofp\libgcc.a(pr-support.o)
                0x08001238                __gnu_unwind_execute
                0x0800150c                __gnu_unwind_frame
                0x0800153c                _Unwind_GetRegionStart
                0x08001548                _Unwind_GetLanguageSpecificData
 *(.text*)
 .text.MX_GPIO_Init
                0x0800155c       0xd8 ./Core/Src/gpio.o
                0x0800155c                MX_GPIO_Init
 .text.PID_Init
                0x08001634       0x36 ./Core/Src/main.o
                0x08001634                PID_Init
 .text.PID_Calc
                0x0800166a      0x138 ./Core/Src/main.o
                0x0800166a                PID_Calc
 *fill*         0x080017a2        0x2 
 .text.main     0x080017a4       0xec ./Core/Src/main.o
                0x080017a4                main
 .text.SystemClock_Config
                0x08001890       0x8a ./Core/Src/main.o
                0x08001890                SystemClock_Config
 .text.Error_Handler
                0x0800191a        0xc ./Core/Src/main.o
                0x0800191a                Error_Handler
 *fill*         0x08001926        0x2 
 .text.__SetIn1PWM
                0x08001928       0x20 ./Core/Src/motor.o
 .text.__SetIn2PWM
                0x08001948       0x20 ./Core/Src/motor.o
 .text.__SetIn3PWM
                0x08001968       0x20 ./Core/Src/motor.o
 .text.__SetIn4PWM
                0x08001988       0x20 ./Core/Src/motor.o
 .text.MOTOR_Init
                0x080019a8       0x2c ./Core/Src/motor.o
                0x080019a8                MOTOR_Init
 .text.A_Forward
                0x080019d4       0x4c ./Core/Src/motor.o
                0x080019d4                A_Forward
 .text.B_Forward
                0x08001a20       0x4c ./Core/Src/motor.o
                0x08001a20                B_Forward
 .text.A_Backward
                0x08001a6c       0x4c ./Core/Src/motor.o
                0x08001a6c                A_Backward
 .text.B_Backward
                0x08001ab8       0x4c ./Core/Src/motor.o
                0x08001ab8                B_Backward
 .text.RIGHT    0x08001b04       0x20 ./Core/Src/motor.o
                0x08001b04                RIGHT
 .text.LEFT     0x08001b24       0x20 ./Core/Src/motor.o
                0x08001b24                LEFT
 .text.HAL_MspInit
                0x08001b44       0x64 ./Core/Src/stm32f1xx_hal_msp.o
                0x08001b44                HAL_MspInit
 .text.HAL_TIM_PeriodElapsedCallback
                0x08001ba8       0x50 ./Core/Src/stm32f1xx_it.o
                0x08001ba8                HAL_TIM_PeriodElapsedCallback
 .text.NMI_Handler
                0x08001bf8        0x8 ./Core/Src/stm32f1xx_it.o
                0x08001bf8                NMI_Handler
 .text.HardFault_Handler
                0x08001c00        0x8 ./Core/Src/stm32f1xx_it.o
                0x08001c00                HardFault_Handler
 .text.MemManage_Handler
                0x08001c08        0x8 ./Core/Src/stm32f1xx_it.o
                0x08001c08                MemManage_Handler
 .text.BusFault_Handler
                0x08001c10        0x8 ./Core/Src/stm32f1xx_it.o
                0x08001c10                BusFault_Handler
 .text.UsageFault_Handler
                0x08001c18        0x8 ./Core/Src/stm32f1xx_it.o
                0x08001c18                UsageFault_Handler
 .text.SVC_Handler
                0x08001c20        0xc ./Core/Src/stm32f1xx_it.o
                0x08001c20                SVC_Handler
 .text.DebugMon_Handler
                0x08001c2c        0xc ./Core/Src/stm32f1xx_it.o
                0x08001c2c                DebugMon_Handler
 .text.PendSV_Handler
                0x08001c38        0xc ./Core/Src/stm32f1xx_it.o
                0x08001c38                PendSV_Handler
 .text.SysTick_Handler
                0x08001c44        0xc ./Core/Src/stm32f1xx_it.o
                0x08001c44                SysTick_Handler
 .text.EXTI3_IRQHandler
                0x08001c50       0xdc ./Core/Src/stm32f1xx_it.o
                0x08001c50                EXTI3_IRQHandler
 .text.EXTI4_IRQHandler
                0x08001d2c       0x3c ./Core/Src/stm32f1xx_it.o
                0x08001d2c                EXTI4_IRQHandler
 .text.EXTI9_5_IRQHandler
                0x08001d68       0xa0 ./Core/Src/stm32f1xx_it.o
                0x08001d68                EXTI9_5_IRQHandler
 .text.TIM3_IRQHandler
                0x08001e08       0x14 ./Core/Src/stm32f1xx_it.o
                0x08001e08                TIM3_IRQHandler
 .text.USART3_IRQHandler
                0x08001e1c       0x14 ./Core/Src/stm32f1xx_it.o
                0x08001e1c                USART3_IRQHandler
 .text._getpid  0x08001e30        0xe ./Core/Src/syscalls.o
                0x08001e30                _getpid
 .text._kill    0x08001e3e       0x20 ./Core/Src/syscalls.o
                0x08001e3e                _kill
 .text._exit    0x08001e5e       0x16 ./Core/Src/syscalls.o
                0x08001e5e                _exit
 .text.SystemInit
                0x08001e74        0xc ./Core/Src/system_stm32f1xx.o
                0x08001e74                SystemInit
 .text.MX_TIM1_Init
                0x08001e80      0x188 ./Core/Src/tim.o
                0x08001e80                MX_TIM1_Init
 .text.MX_TIM2_Init
                0x08002008      0x114 ./Core/Src/tim.o
                0x08002008                MX_TIM2_Init
 .text.MX_TIM3_Init
                0x0800211c       0x9c ./Core/Src/tim.o
                0x0800211c                MX_TIM3_Init
 .text.MX_TIM4_Init
                0x080021b8       0xa8 ./Core/Src/tim.o
                0x080021b8                MX_TIM4_Init
 .text.HAL_TIM_Base_MspInit
                0x08002260       0x98 ./Core/Src/tim.o
                0x08002260                HAL_TIM_Base_MspInit
 .text.HAL_TIM_Encoder_MspInit
                0x080022f8       0x7c ./Core/Src/tim.o
                0x080022f8                HAL_TIM_Encoder_MspInit
 .text.HAL_TIM_MspPostInit
                0x08002374       0xa4 ./Core/Src/tim.o
                0x08002374                HAL_TIM_MspPostInit
 .text.MX_USART3_UART_Init
                0x08002418       0x54 ./Core/Src/usart.o
                0x08002418                MX_USART3_UART_Init
 .text.HAL_UART_MspInit
                0x0800246c       0xa8 ./Core/Src/usart.o
                0x0800246c                HAL_UART_MspInit
 .text.Reset_Handler
                0x08002514       0x48 ./Core/Startup/startup_stm32f103c8tx.o
                0x08002514                Reset_Handler
 .text.Default_Handler
                0x0800255c        0x2 ./Core/Startup/startup_stm32f103c8tx.o
                0x0800255c                RTC_Alarm_IRQHandler
                0x0800255c                EXTI2_IRQHandler
                0x0800255c                TIM1_CC_IRQHandler
                0x0800255c                PVD_IRQHandler
                0x0800255c                EXTI0_IRQHandler
                0x0800255c                I2C2_EV_IRQHandler
                0x0800255c                ADC1_2_IRQHandler
                0x0800255c                SPI1_IRQHandler
                0x0800255c                TAMPER_IRQHandler
                0x0800255c                DMA1_Channel4_IRQHandler
                0x0800255c                RTC_IRQHandler
                0x0800255c                DMA1_Channel7_IRQHandler
                0x0800255c                CAN1_RX1_IRQHandler
                0x0800255c                TIM4_IRQHandler
                0x0800255c                I2C1_EV_IRQHandler
                0x0800255c                DMA1_Channel6_IRQHandler
                0x0800255c                RCC_IRQHandler
                0x0800255c                TIM1_TRG_COM_IRQHandler
                0x0800255c                DMA1_Channel1_IRQHandler
                0x0800255c                Default_Handler
                0x0800255c                EXTI15_10_IRQHandler
                0x0800255c                SPI2_IRQHandler
                0x0800255c                DMA1_Channel5_IRQHandler
                0x0800255c                USB_LP_CAN1_RX0_IRQHandler
                0x0800255c                USB_HP_CAN1_TX_IRQHandler
                0x0800255c                DMA1_Channel3_IRQHandler
                0x0800255c                TIM1_UP_IRQHandler
                0x0800255c                WWDG_IRQHandler
                0x0800255c                TIM2_IRQHandler
                0x0800255c                TIM1_BRK_IRQHandler
                0x0800255c                EXTI1_IRQHandler
                0x0800255c                USART2_IRQHandler
                0x0800255c                I2C2_ER_IRQHandler
                0x0800255c                DMA1_Channel2_IRQHandler
                0x0800255c                CAN1_SCE_IRQHandler
                0x0800255c                FLASH_IRQHandler
                0x0800255c                USART1_IRQHandler
                0x0800255c                I2C1_ER_IRQHandler
                0x0800255c                USBWakeUp_IRQHandler
 *fill*         0x0800255e        0x2 
 .text.HAL_Init
                0x08002560       0x2c ./Drivers/STM32F1xx_HAL_Driver/Src/stm32f1xx_hal.o
                0x08002560                HAL_Init
 .text.HAL_InitTick
                0x0800258c       0x60 ./Drivers/STM32F1xx_HAL_Driver/Src/stm32f1xx_hal.o
                0x0800258c                HAL_InitTick
 .text.HAL_IncTick
                0x080025ec       0x24 ./Drivers/STM32F1xx_HAL_Driver/Src/stm32f1xx_hal.o
                0x080025ec                HAL_IncTick
 .text.HAL_GetTick
                0x08002610       0x14 ./Drivers/STM32F1xx_HAL_Driver/Src/stm32f1xx_hal.o
                0x08002610                HAL_GetTick
 .text.HAL_Delay
                0x08002624       0x48 ./Drivers/STM32F1xx_HAL_Driver/Src/stm32f1xx_hal.o
                0x08002624                HAL_Delay
 .text.__NVIC_SetPriorityGrouping
                0x0800266c       0x48 ./Drivers/STM32F1xx_HAL_Driver/Src/stm32f1xx_hal_cortex.o
 .text.__NVIC_GetPriorityGrouping
                0x080026b4       0x1c ./Drivers/STM32F1xx_HAL_Driver/Src/stm32f1xx_hal_cortex.o
 .text.__NVIC_EnableIRQ
                0x080026d0       0x38 ./Drivers/STM32F1xx_HAL_Driver/Src/stm32f1xx_hal_cortex.o
 .text.__NVIC_SetPriority
                0x08002708       0x54 ./Drivers/STM32F1xx_HAL_Driver/Src/stm32f1xx_hal_cortex.o
 .text.NVIC_EncodePriority
                0x0800275c       0x64 ./Drivers/STM32F1xx_HAL_Driver/Src/stm32f1xx_hal_cortex.o
 .text.SysTick_Config
                0x080027c0       0x44 ./Drivers/STM32F1xx_HAL_Driver/Src/stm32f1xx_hal_cortex.o
 .text.HAL_NVIC_SetPriorityGrouping
                0x08002804       0x16 ./Drivers/STM32F1xx_HAL_Driver/Src/stm32f1xx_hal_cortex.o
                0x08002804                HAL_NVIC_SetPriorityGrouping
 .text.HAL_NVIC_SetPriority
                0x0800281a       0x38 ./Drivers/STM32F1xx_HAL_Driver/Src/stm32f1xx_hal_cortex.o
                0x0800281a                HAL_NVIC_SetPriority
 .text.HAL_NVIC_EnableIRQ
                0x08002852       0x1c ./Drivers/STM32F1xx_HAL_Driver/Src/stm32f1xx_hal_cortex.o
                0x08002852                HAL_NVIC_EnableIRQ
 .text.HAL_SYSTICK_Config
                0x0800286e       0x18 ./Drivers/STM32F1xx_HAL_Driver/Src/stm32f1xx_hal_cortex.o
                0x0800286e                HAL_SYSTICK_Config
 .text.HAL_DMA_Abort
                0x08002886       0x76 ./Drivers/STM32F1xx_HAL_Driver/Src/stm32f1xx_hal_dma.o
                0x08002886                HAL_DMA_Abort
 .text.HAL_DMA_Abort_IT
                0x080028fc       0xf0 ./Drivers/STM32F1xx_HAL_Driver/Src/stm32f1xx_hal_dma.o
                0x080028fc                HAL_DMA_Abort_IT
 .text.HAL_GPIO_Init
                0x080029ec      0x308 ./Drivers/STM32F1xx_HAL_Driver/Src/stm32f1xx_hal_gpio.o
                0x080029ec                HAL_GPIO_Init
 .text.HAL_RCC_OscConfig
                0x08002cf4      0x504 ./Drivers/STM32F1xx_HAL_Driver/Src/stm32f1xx_hal_rcc.o
                0x08002cf4                HAL_RCC_OscConfig
 .text.HAL_RCC_ClockConfig
                0x080031f8      0x1d4 ./Drivers/STM32F1xx_HAL_Driver/Src/stm32f1xx_hal_rcc.o
                0x080031f8                HAL_RCC_ClockConfig
 .text.HAL_RCC_GetSysClockFreq
                0x080033cc       0xa8 ./Drivers/STM32F1xx_HAL_Driver/Src/stm32f1xx_hal_rcc.o
                0x080033cc                HAL_RCC_GetSysClockFreq
 .text.HAL_RCC_GetHCLKFreq
                0x08003474       0x14 ./Drivers/STM32F1xx_HAL_Driver/Src/stm32f1xx_hal_rcc.o
                0x08003474                HAL_RCC_GetHCLKFreq
 .text.HAL_RCC_GetPCLK1Freq
                0x08003488       0x28 ./Drivers/STM32F1xx_HAL_Driver/Src/stm32f1xx_hal_rcc.o
                0x08003488                HAL_RCC_GetPCLK1Freq
 .text.HAL_RCC_GetPCLK2Freq
                0x080034b0       0x28 ./Drivers/STM32F1xx_HAL_Driver/Src/stm32f1xx_hal_rcc.o
                0x080034b0                HAL_RCC_GetPCLK2Freq
 .text.RCC_Delay
                0x080034d8       0x3c ./Drivers/STM32F1xx_HAL_Driver/Src/stm32f1xx_hal_rcc.o
 .text.HAL_TIM_Base_Init
                0x08003514       0x9e ./Drivers/STM32F1xx_HAL_Driver/Src/stm32f1xx_hal_tim.o
                0x08003514                HAL_TIM_Base_Init
 *fill*         0x080035b2        0x2 
 .text.HAL_TIM_Base_Start
                0x080035b4       0x94 ./Drivers/STM32F1xx_HAL_Driver/Src/stm32f1xx_hal_tim.o
                0x080035b4                HAL_TIM_Base_Start
 .text.HAL_TIM_Base_Start_IT
                0x08003648       0xa4 ./Drivers/STM32F1xx_HAL_Driver/Src/stm32f1xx_hal_tim.o
                0x08003648                HAL_TIM_Base_Start_IT
 .text.HAL_TIM_PWM_Init
                0x080036ec       0x9e ./Drivers/STM32F1xx_HAL_Driver/Src/stm32f1xx_hal_tim.o
                0x080036ec                HAL_TIM_PWM_Init
 .text.HAL_TIM_PWM_MspInit
                0x0800378a       0x12 ./Drivers/STM32F1xx_HAL_Driver/Src/stm32f1xx_hal_tim.o
                0x0800378a                HAL_TIM_PWM_MspInit
 .text.HAL_TIM_PWM_Start
                0x0800379c      0x144 ./Drivers/STM32F1xx_HAL_Driver/Src/stm32f1xx_hal_tim.o
                0x0800379c                HAL_TIM_PWM_Start
 .text.HAL_TIM_Encoder_Init
                0x080038e0      0x144 ./Drivers/STM32F1xx_HAL_Driver/Src/stm32f1xx_hal_tim.o
                0x080038e0                HAL_TIM_Encoder_Init
 .text.HAL_TIM_Encoder_Start
                0x08003a24      0x11c ./Drivers/STM32F1xx_HAL_Driver/Src/stm32f1xx_hal_tim.o
                0x08003a24                HAL_TIM_Encoder_Start
 .text.HAL_TIM_IRQHandler
                0x08003b40      0x1e0 ./Drivers/STM32F1xx_HAL_Driver/Src/stm32f1xx_hal_tim.o
                0x08003b40                HAL_TIM_IRQHandler
 .text.HAL_TIM_PWM_ConfigChannel
                0x08003d20      0x184 ./Drivers/STM32F1xx_HAL_Driver/Src/stm32f1xx_hal_tim.o
                0x08003d20                HAL_TIM_PWM_ConfigChannel
 .text.HAL_TIM_ConfigClockSource
                0x08003ea4      0x18e ./Drivers/STM32F1xx_HAL_Driver/Src/stm32f1xx_hal_tim.o
                0x08003ea4                HAL_TIM_ConfigClockSource
 .text.HAL_TIM_OC_DelayElapsedCallback
                0x08004032       0x12 ./Drivers/STM32F1xx_HAL_Driver/Src/stm32f1xx_hal_tim.o
                0x08004032                HAL_TIM_OC_DelayElapsedCallback
 .text.HAL_TIM_IC_CaptureCallback
                0x08004044       0x12 ./Drivers/STM32F1xx_HAL_Driver/Src/stm32f1xx_hal_tim.o
                0x08004044                HAL_TIM_IC_CaptureCallback
 .text.HAL_TIM_PWM_PulseFinishedCallback
                0x08004056       0x12 ./Drivers/STM32F1xx_HAL_Driver/Src/stm32f1xx_hal_tim.o
                0x08004056                HAL_TIM_PWM_PulseFinishedCallback
 .text.HAL_TIM_TriggerCallback
                0x08004068       0x12 ./Drivers/STM32F1xx_HAL_Driver/Src/stm32f1xx_hal_tim.o
                0x08004068                HAL_TIM_TriggerCallback
 *fill*         0x0800407a        0x2 
 .text.TIM_Base_SetConfig
                0x0800407c       0xdc ./Drivers/STM32F1xx_HAL_Driver/Src/stm32f1xx_hal_tim.o
                0x0800407c                TIM_Base_SetConfig
 .text.TIM_OC1_SetConfig
                0x08004158       0xcc ./Drivers/STM32F1xx_HAL_Driver/Src/stm32f1xx_hal_tim.o
 .text.TIM_OC2_SetConfig
                0x08004224       0xd4 ./Drivers/STM32F1xx_HAL_Driver/Src/stm32f1xx_hal_tim.o
                0x08004224                TIM_OC2_SetConfig
 .text.TIM_OC3_SetConfig
                0x080042f8       0xd4 ./Drivers/STM32F1xx_HAL_Driver/Src/stm32f1xx_hal_tim.o
 .text.TIM_OC4_SetConfig
                0x080043cc       0x9c ./Drivers/STM32F1xx_HAL_Driver/Src/stm32f1xx_hal_tim.o
 .text.TIM_TI1_ConfigInputStage
                0x08004468       0x5c ./Drivers/STM32F1xx_HAL_Driver/Src/stm32f1xx_hal_tim.o
 .text.TIM_TI2_ConfigInputStage
                0x080044c4       0x5e ./Drivers/STM32F1xx_HAL_Driver/Src/stm32f1xx_hal_tim.o
 .text.TIM_ITRx_SetConfig
                0x08004522       0x34 ./Drivers/STM32F1xx_HAL_Driver/Src/stm32f1xx_hal_tim.o
 .text.TIM_ETR_SetConfig
                0x08004556       0x3e ./Drivers/STM32F1xx_HAL_Driver/Src/stm32f1xx_hal_tim.o
                0x08004556                TIM_ETR_SetConfig
 .text.TIM_CCxChannelCmd
                0x08004594       0x48 ./Drivers/STM32F1xx_HAL_Driver/Src/stm32f1xx_hal_tim.o
                0x08004594                TIM_CCxChannelCmd
 .text.HAL_TIMEx_MasterConfigSynchronization
                0x080045dc       0xbc ./Drivers/STM32F1xx_HAL_Driver/Src/stm32f1xx_hal_tim_ex.o
                0x080045dc                HAL_TIMEx_MasterConfigSynchronization
 .text.HAL_TIMEx_ConfigBreakDeadTime
                0x08004698       0xa2 ./Drivers/STM32F1xx_HAL_Driver/Src/stm32f1xx_hal_tim_ex.o
                0x08004698                HAL_TIMEx_ConfigBreakDeadTime
 .text.HAL_TIMEx_CommutCallback
                0x0800473a       0x12 ./Drivers/STM32F1xx_HAL_Driver/Src/stm32f1xx_hal_tim_ex.o
                0x0800473a                HAL_TIMEx_CommutCallback
 .text.HAL_TIMEx_BreakCallback
                0x0800474c       0x12 ./Drivers/STM32F1xx_HAL_Driver/Src/stm32f1xx_hal_tim_ex.o
                0x0800474c                HAL_TIMEx_BreakCallback
 .text.HAL_UART_Init
                0x0800475e       0xa0 ./Drivers/STM32F1xx_HAL_Driver/Src/stm32f1xx_hal_uart.o
                0x0800475e                HAL_UART_Init
 .text.HAL_UART_Transmit
                0x080047fe      0x116 ./Drivers/STM32F1xx_HAL_Driver/Src/stm32f1xx_hal_uart.o
                0x080047fe                HAL_UART_Transmit
 .text.HAL_UART_IRQHandler
                0x08004914      0x524 ./Drivers/STM32F1xx_HAL_Driver/Src/stm32f1xx_hal_uart.o
                0x08004914                HAL_UART_IRQHandler
 .text.HAL_UART_TxCpltCallback
                0x08004e38       0x12 ./Drivers/STM32F1xx_HAL_Driver/Src/stm32f1xx_hal_uart.o
                0x08004e38                HAL_UART_TxCpltCallback
 .text.HAL_UART_RxCpltCallback
                0x08004e4a       0x12 ./Drivers/STM32F1xx_HAL_Driver/Src/stm32f1xx_hal_uart.o
                0x08004e4a                HAL_UART_RxCpltCallback
 .text.HAL_UART_ErrorCallback
                0x08004e5c       0x12 ./Drivers/STM32F1xx_HAL_Driver/Src/stm32f1xx_hal_uart.o
                0x08004e5c                HAL_UART_ErrorCallback
 .text.HAL_UARTEx_RxEventCallback
                0x08004e6e       0x16 ./Drivers/STM32F1xx_HAL_Driver/Src/stm32f1xx_hal_uart.o
                0x08004e6e                HAL_UARTEx_RxEventCallback
 .text.UART_WaitOnFlagUntilTimeout
                0x08004e84       0xb2 ./Drivers/STM32F1xx_HAL_Driver/Src/stm32f1xx_hal_uart.o
 .text.UART_EndRxTransfer
                0x08004f36       0xc4 ./Drivers/STM32F1xx_HAL_Driver/Src/stm32f1xx_hal_uart.o
 .text.UART_DMAAbortOnError
                0x08004ffa       0x28 ./Drivers/STM32F1xx_HAL_Driver/Src/stm32f1xx_hal_uart.o
 .text.UART_Transmit_IT
                0x08005022       0x9e ./Drivers/STM32F1xx_HAL_Driver/Src/stm32f1xx_hal_uart.o
 .text.UART_EndTransmit_IT
                0x080050c0       0x30 ./Drivers/STM32F1xx_HAL_Driver/Src/stm32f1xx_hal_uart.o
 .text.UART_Receive_IT
                0x080050f0      0x17c ./Drivers/STM32F1xx_HAL_Driver/Src/stm32f1xx_hal_uart.o
 .text.UART_SetConfig
                0x0800526c      0x11c ./Drivers/STM32F1xx_HAL_Driver/Src/stm32f1xx_hal_uart.o
 .text.memset   0x08005388       0x10 C:/ST/STM32CubeIDE_1.16.1/STM32CubeIDE/plugins/com.st.stm32cube.ide.mcu.externaltools.gnu-tools-for-stm32.12.3.rel1.win32_1.0.200.202406191623/tools/bin/../lib/gcc/arm-none-eabi/12.3.1/../../../../arm-none-eabi/lib/thumb/v7-m/nofp\libc_nano.a(libc_a-memset.o)
                0x08005388                memset
 .text.__errno  0x08005398        0xc C:/ST/STM32CubeIDE_1.16.1/STM32CubeIDE/plugins/com.st.stm32cube.ide.mcu.externaltools.gnu-tools-for-stm32.12.3.rel1.win32_1.0.200.202406191623/tools/bin/../lib/gcc/arm-none-eabi/12.3.1/../../../../arm-none-eabi/lib/thumb/v7-m/nofp\libc_nano.a(libc_a-errno.o)
                0x08005398                __errno
 .text.__libc_init_array
                0x080053a4       0x48 C:/ST/STM32CubeIDE_1.16.1/STM32CubeIDE/plugins/com.st.stm32cube.ide.mcu.externaltools.gnu-tools-for-stm32.12.3.rel1.win32_1.0.200.202406191623/tools/bin/../lib/gcc/arm-none-eabi/12.3.1/../../../../arm-none-eabi/lib/thumb/v7-m/nofp\libc_nano.a(libc_a-init.o)
                0x080053a4                __libc_init_array
 .text.abort    0x080053ec        0xe C:/ST/STM32CubeIDE_1.16.1/STM32CubeIDE/plugins/com.st.stm32cube.ide.mcu.externaltools.gnu-tools-for-stm32.12.3.rel1.win32_1.0.200.202406191623/tools/bin/../lib/gcc/arm-none-eabi/12.3.1/../../../../arm-none-eabi/lib/thumb/v7-m/nofp\libc_nano.a(libc_a-abort.o)
                0x080053ec                abort
 .text._raise_r
                0x080053fa       0x50 C:/ST/STM32CubeIDE_1.16.1/STM32CubeIDE/plugins/com.st.stm32cube.ide.mcu.externaltools.gnu-tools-for-stm32.12.3.rel1.win32_1.0.200.202406191623/tools/bin/../lib/gcc/arm-none-eabi/12.3.1/../../../../arm-none-eabi/lib/thumb/v7-m/nofp\libc_nano.a(libc_a-signal.o)
                0x080053fa                _raise_r
 *fill*         0x0800544a        0x2 
 .text.raise    0x0800544c       0x10 C:/ST/STM32CubeIDE_1.16.1/STM32CubeIDE/plugins/com.st.stm32cube.ide.mcu.externaltools.gnu-tools-for-stm32.12.3.rel1.win32_1.0.200.202406191623/tools/bin/../lib/gcc/arm-none-eabi/12.3.1/../../../../arm-none-eabi/lib/thumb/v7-m/nofp\libc_nano.a(libc_a-signal.o)
                0x0800544c                raise
 .text._kill_r  0x0800545c       0x24 C:/ST/STM32CubeIDE_1.16.1/STM32CubeIDE/plugins/com.st.stm32cube.ide.mcu.externaltools.gnu-tools-for-stm32.12.3.rel1.win32_1.0.200.202406191623/tools/bin/../lib/gcc/arm-none-eabi/12.3.1/../../../../arm-none-eabi/lib/thumb/v7-m/nofp\libc_nano.a(libc_a-signalr.o)
                0x0800545c                _kill_r
 .text._getpid_r
                0x08005480        0x4 C:/ST/STM32CubeIDE_1.16.1/STM32CubeIDE/plugins/com.st.stm32cube.ide.mcu.externaltools.gnu-tools-for-stm32.12.3.rel1.win32_1.0.200.202406191623/tools/bin/../lib/gcc/arm-none-eabi/12.3.1/../../../../arm-none-eabi/lib/thumb/v7-m/nofp\libc_nano.a(libc_a-signalr.o)
                0x08005480                _getpid_r
 .text.memcpy   0x08005484       0x1c C:/ST/STM32CubeIDE_1.16.1/STM32CubeIDE/plugins/com.st.stm32cube.ide.mcu.externaltools.gnu-tools-for-stm32.12.3.rel1.win32_1.0.200.202406191623/tools/bin/../lib/gcc/arm-none-eabi/12.3.1/../../../../arm-none-eabi/lib/thumb/v7-m/nofp\libc_nano.a(libc_a-memcpy-stub.o)
                0x08005484                memcpy
 *(.glue_7)
 .glue_7        0x080054a0        0x0 linker stubs
 *(.glue_7t)
 .glue_7t       0x080054a0        0x0 linker stubs
 *(.eh_frame)
 .eh_frame      0x080054a0        0x0 C:/ST/STM32CubeIDE_1.16.1/STM32CubeIDE/plugins/com.st.stm32cube.ide.mcu.externaltools.gnu-tools-for-stm32.12.3.rel1.win32_1.0.200.202406191623/tools/bin/../lib/gcc/arm-none-eabi/12.3.1/thumb/v7-m/nofp/crtbegin.o
 *(.init)
 .init          0x080054a0        0x4 C:/ST/STM32CubeIDE_1.16.1/STM32CubeIDE/plugins/com.st.stm32cube.ide.mcu.externaltools.gnu-tools-for-stm32.12.3.rel1.win32_1.0.200.202406191623/tools/bin/../lib/gcc/arm-none-eabi/12.3.1/thumb/v7-m/nofp/crti.o
                0x080054a0                _init
 .init          0x080054a4        0x8 C:/ST/STM32CubeIDE_1.16.1/STM32CubeIDE/plugins/com.st.stm32cube.ide.mcu.externaltools.gnu-tools-for-stm32.12.3.rel1.win32_1.0.200.202406191623/tools/bin/../lib/gcc/arm-none-eabi/12.3.1/thumb/v7-m/nofp/crtn.o
 *(.fini)
 .fini          0x080054ac        0x4 C:/ST/STM32CubeIDE_1.16.1/STM32CubeIDE/plugins/com.st.stm32cube.ide.mcu.externaltools.gnu-tools-for-stm32.12.3.rel1.win32_1.0.200.202406191623/tools/bin/../lib/gcc/arm-none-eabi/12.3.1/thumb/v7-m/nofp/crti.o
                0x080054ac                _fini
 .fini          0x080054b0        0x8 C:/ST/STM32CubeIDE_1.16.1/STM32CubeIDE/plugins/com.st.stm32cube.ide.mcu.externaltools.gnu-tools-for-stm32.12.3.rel1.win32_1.0.200.202406191623/tools/bin/../lib/gcc/arm-none-eabi/12.3.1/thumb/v7-m/nofp/crtn.o
                0x080054b8                        . = ALIGN (0x4)
                0x080054b8                        _etext = .

.vfp11_veneer   0x080054b8        0x0
 .vfp11_veneer  0x080054b8        0x0 linker stubs

.v4_bx          0x080054b8        0x0
 .v4_bx         0x080054b8        0x0 linker stubs

.iplt           0x080054b8        0x0
 .iplt          0x080054b8        0x0 C:/ST/STM32CubeIDE_1.16.1/STM32CubeIDE/plugins/com.st.stm32cube.ide.mcu.externaltools.gnu-tools-for-stm32.12.3.rel1.win32_1.0.200.202406191623/tools/bin/../lib/gcc/arm-none-eabi/12.3.1/thumb/v7-m/nofp/crtbegin.o

.rodata         0x080054b8       0x38
                0x080054b8                        . = ALIGN (0x4)
 *(.rodata)
 .rodata        0x080054b8        0xa ./Core/Src/stm32f1xx_it.o
 *(.rodata*)
 *fill*         0x080054c2        0x2 
 .rodata.AHBPrescTable
                0x080054c4       0x10 ./Core/Src/system_stm32f1xx.o
                0x080054c4                AHBPrescTable
 .rodata.APBPrescTable
                0x080054d4        0x8 ./Core/Src/system_stm32f1xx.o
                0x080054d4                APBPrescTable
 .rodata.aPLLMULFactorTable.1
                0x080054dc       0x10 ./Drivers/STM32F1xx_HAL_Driver/Src/stm32f1xx_hal_rcc.o
 .rodata.aPredivFactorTable.0
                0x080054ec        0x2 ./Drivers/STM32F1xx_HAL_Driver/Src/stm32f1xx_hal_rcc.o
                0x080054f0                        . = ALIGN (0x4)
 *fill*         0x080054ee        0x2 

.ARM.extab      0x080054f0       0x18
                0x080054f0                        . = ALIGN (0x4)
 *(.ARM.extab* .gnu.linkonce.armextab.*)
 .ARM.extab     0x080054f0       0x18 C:/ST/STM32CubeIDE_1.16.1/STM32CubeIDE/plugins/com.st.stm32cube.ide.mcu.externaltools.gnu-tools-for-stm32.12.3.rel1.win32_1.0.200.202406191623/tools/bin/../lib/gcc/arm-none-eabi/12.3.1/thumb/v7-m/nofp\libgcc.a(pr-support.o)
                0x08005508                        . = ALIGN (0x4)

.ARM            0x08005508       0xc0
                0x08005508                        . = ALIGN (0x4)
                0x08005508                        __exidx_start = .
 *(.ARM.exidx*)
 .ARM.exidx     0x08005508        0x8 C:/ST/STM32CubeIDE_1.16.1/STM32CubeIDE/plugins/com.st.stm32cube.ide.mcu.externaltools.gnu-tools-for-stm32.12.3.rel1.win32_1.0.200.202406191623/tools/bin/../lib/gcc/arm-none-eabi/12.3.1/../../../../arm-none-eabi/lib/thumb/v7-m/nofp\libc_nano.a(libc_a-setjmp.o)
                                 0x10 (size before relaxing)
 .ARM.exidx     0x08005510        0x8 C:/ST/STM32CubeIDE_1.16.1/STM32CubeIDE/plugins/com.st.stm32cube.ide.mcu.externaltools.gnu-tools-for-stm32.12.3.rel1.win32_1.0.200.202406191623/tools/bin/../lib/gcc/arm-none-eabi/12.3.1/../../../../arm-none-eabi/lib/thumb/v7-m/nofp\libc_nano.a(libc_a-strlen.o)
 .ARM.exidx     0x08005518       0x78 C:/ST/STM32CubeIDE_1.16.1/STM32CubeIDE/plugins/com.st.stm32cube.ide.mcu.externaltools.gnu-tools-for-stm32.12.3.rel1.win32_1.0.200.202406191623/tools/bin/../lib/gcc/arm-none-eabi/12.3.1/thumb/v7-m/nofp\libgcc.a(unwind-arm.o)
                                 0xd8 (size before relaxing)
 .ARM.exidx     0x08005590       0x38 C:/ST/STM32CubeIDE_1.16.1/STM32CubeIDE/plugins/com.st.stm32cube.ide.mcu.externaltools.gnu-tools-for-stm32.12.3.rel1.win32_1.0.200.202406191623/tools/bin/../lib/gcc/arm-none-eabi/12.3.1/thumb/v7-m/nofp\libgcc.a(pr-support.o)
                0x080055c8                        __exidx_end = .
                0x080055c8                        . = ALIGN (0x4)

.preinit_array  0x080055c8        0x0
                0x080055c8                        . = ALIGN (0x4)
                0x080055c8                        PROVIDE (__preinit_array_start = .)
 *(.preinit_array*)
                0x080055c8                        PROVIDE (__preinit_array_end = .)
                0x080055c8                        . = ALIGN (0x4)

.init_array     0x080055c8        0x4
                0x080055c8                        . = ALIGN (0x4)
                0x080055c8                        PROVIDE (__init_array_start = .)
 *(SORT_BY_NAME(.init_array.*))
 *(.init_array*)
 .init_array    0x080055c8        0x4 C:/ST/STM32CubeIDE_1.16.1/STM32CubeIDE/plugins/com.st.stm32cube.ide.mcu.externaltools.gnu-tools-for-stm32.12.3.rel1.win32_1.0.200.202406191623/tools/bin/../lib/gcc/arm-none-eabi/12.3.1/thumb/v7-m/nofp/crtbegin.o
                0x080055cc                        PROVIDE (__init_array_end = .)
                0x080055cc                        . = ALIGN (0x4)

.fini_array     0x080055cc        0x4
                0x080055cc                        . = ALIGN (0x4)
                [!provide]                        PROVIDE (__fini_array_start = .)
 *(SORT_BY_NAME(.fini_array.*))
 *(.fini_array*)
 .fini_array    0x080055cc        0x4 C:/ST/STM32CubeIDE_1.16.1/STM32CubeIDE/plugins/com.st.stm32cube.ide.mcu.externaltools.gnu-tools-for-stm32.12.3.rel1.win32_1.0.200.202406191623/tools/bin/../lib/gcc/arm-none-eabi/12.3.1/thumb/v7-m/nofp/crtbegin.o
                [!provide]                        PROVIDE (__fini_array_end = .)
                0x080055d0                        . = ALIGN (0x4)
                0x080055d0                        _sidata = LOADADDR (.data)

.rel.dyn        0x080055d0        0x0
 .rel.iplt      0x080055d0        0x0 C:/ST/STM32CubeIDE_1.16.1/STM32CubeIDE/plugins/com.st.stm32cube.ide.mcu.externaltools.gnu-tools-for-stm32.12.3.rel1.win32_1.0.200.202406191623/tools/bin/../lib/gcc/arm-none-eabi/12.3.1/thumb/v7-m/nofp/crtbegin.o

.data           0x20000000       0x5c load address 0x080055d0
                0x20000000                        . = ALIGN (0x4)
                0x20000000                        _sdata = .
 *(.data)
 *(.data*)
 .data.SystemCoreClock
                0x20000000        0x4 ./Core/Src/system_stm32f1xx.o
                0x20000000                SystemCoreClock
 .data.uwTickPrio
                0x20000004        0x4 ./Drivers/STM32F1xx_HAL_Driver/Src/stm32f1xx_hal.o
                0x20000004                uwTickPrio
 .data.uwTickFreq
                0x20000008        0x1 ./Drivers/STM32F1xx_HAL_Driver/Src/stm32f1xx_hal.o
                0x20000008                uwTickFreq
 *fill*         0x20000009        0x3 
 .data._impure_ptr
                0x2000000c        0x4 C:/ST/STM32CubeIDE_1.16.1/STM32CubeIDE/plugins/com.st.stm32cube.ide.mcu.externaltools.gnu-tools-for-stm32.12.3.rel1.win32_1.0.200.202406191623/tools/bin/../lib/gcc/arm-none-eabi/12.3.1/../../../../arm-none-eabi/lib/thumb/v7-m/nofp\libc_nano.a(libc_a-impure.o)
                0x2000000c                _impure_ptr
 .data._impure_data
                0x20000010       0x4c C:/ST/STM32CubeIDE_1.16.1/STM32CubeIDE/plugins/com.st.stm32cube.ide.mcu.externaltools.gnu-tools-for-stm32.12.3.rel1.win32_1.0.200.202406191623/tools/bin/../lib/gcc/arm-none-eabi/12.3.1/../../../../arm-none-eabi/lib/thumb/v7-m/nofp\libc_nano.a(libc_a-impure.o)
                0x20000010                _impure_data
 *(.RamFunc)
 *(.RamFunc*)
                0x2000005c                        . = ALIGN (0x4)
                0x2000005c                        _edata = .

.igot.plt       0x2000005c        0x0 load address 0x0800562c
 .igot.plt      0x2000005c        0x0 C:/ST/STM32CubeIDE_1.16.1/STM32CubeIDE/plugins/com.st.stm32cube.ide.mcu.externaltools.gnu-tools-for-stm32.12.3.rel1.win32_1.0.200.202406191623/tools/bin/../lib/gcc/arm-none-eabi/12.3.1/thumb/v7-m/nofp/crtbegin.o
                0x2000005c                        . = ALIGN (0x4)

.bss            0x20000060      0x4d8 load address 0x0800562c
                0x20000060                        _sbss = .
                0x20000060                        __bss_start__ = _sbss
 *(.bss)
 .bss           0x20000060       0x1c C:/ST/STM32CubeIDE_1.16.1/STM32CubeIDE/plugins/com.st.stm32cube.ide.mcu.externaltools.gnu-tools-for-stm32.12.3.rel1.win32_1.0.200.202406191623/tools/bin/../lib/gcc/arm-none-eabi/12.3.1/thumb/v7-m/nofp/crtbegin.o
 *(.bss*)
 .bss.mypid     0x2000007c       0x24 ./Core/Src/main.o
                0x2000007c                mypid
 .bss.currentDecayMode
                0x200000a0        0x1 ./Core/Src/motor.o
 *fill*         0x200000a1        0x3 
 .bss.checkpoint
                0x200000a4        0x4 ./Core/Src/stm32f1xx_it.o
                0x200000a4                checkpoint
 .bss.flag      0x200000a8        0x4 ./Core/Src/stm32f1xx_it.o
                0x200000a8                flag
 *fill*         0x200000ac        0x4 
 .bss.three     0x200000b0       0xa0 ./Core/Src/stm32f1xx_it.o
 .bss.four      0x20000150       0xa0 ./Core/Src/stm32f1xx_it.o
 .bss.five      0x200001f0       0xa0 ./Core/Src/stm32f1xx_it.o
 .bss.htim1     0x20000290       0x48 ./Core/Src/tim.o
                0x20000290                htim1
 .bss.htim2     0x200002d8       0x48 ./Core/Src/tim.o
                0x200002d8                htim2
 .bss.htim3     0x20000320       0x48 ./Core/Src/tim.o
                0x20000320                htim3
 .bss.htim4     0x20000368       0x48 ./Core/Src/tim.o
                0x20000368                htim4
 .bss.huart3    0x200003b0       0x48 ./Core/Src/usart.o
                0x200003b0                huart3
 .bss.uwTick    0x200003f8        0x4 ./Drivers/STM32F1xx_HAL_Driver/Src/stm32f1xx_hal.o
                0x200003f8                uwTick
 .bss.__sf      0x200003fc      0x138 C:/ST/STM32CubeIDE_1.16.1/STM32CubeIDE/plugins/com.st.stm32cube.ide.mcu.externaltools.gnu-tools-for-stm32.12.3.rel1.win32_1.0.200.202406191623/tools/bin/../lib/gcc/arm-none-eabi/12.3.1/../../../../arm-none-eabi/lib/thumb/v7-m/nofp\libc_nano.a(libc_a-findfp.o)
                0x200003fc                __sf
 .bss.errno     0x20000534        0x4 C:/ST/STM32CubeIDE_1.16.1/STM32CubeIDE/plugins/com.st.stm32cube.ide.mcu.externaltools.gnu-tools-for-stm32.12.3.rel1.win32_1.0.200.202406191623/tools/bin/../lib/gcc/arm-none-eabi/12.3.1/../../../../arm-none-eabi/lib/thumb/v7-m/nofp\libc_nano.a(libc_a-reent.o)
                0x20000534                errno
 *(COMMON)
                0x20000538                        . = ALIGN (0x4)
                0x20000538                        _ebss = .
                0x20000538                        __bss_end__ = _ebss

._user_heap_stack
                0x20000538      0x600 load address 0x0800562c
                0x20000538                        . = ALIGN (0x8)
                [!provide]                        PROVIDE (end = .)
                0x20000538                        PROVIDE (_end = .)
                0x20000738                        . = (. + _Min_Heap_Size)
 *fill*         0x20000538      0x200 
                0x20000b38                        . = (. + _Min_Stack_Size)
 *fill*         0x20000738      0x400 
                0x20000b38                        . = ALIGN (0x8)

/DISCARD/
 libc.a(*)
 libm.a(*)
 libgcc.a(*)

.ARM.attributes
                0x00000000       0x29
 *(.ARM.attributes)
 .ARM.attributes
                0x00000000       0x1d C:/ST/STM32CubeIDE_1.16.1/STM32CubeIDE/plugins/com.st.stm32cube.ide.mcu.externaltools.gnu-tools-for-stm32.12.3.rel1.win32_1.0.200.202406191623/tools/bin/../lib/gcc/arm-none-eabi/12.3.1/thumb/v7-m/nofp/crti.o
 .ARM.attributes
                0x0000001d       0x2d C:/ST/STM32CubeIDE_1.16.1/STM32CubeIDE/plugins/com.st.stm32cube.ide.mcu.externaltools.gnu-tools-for-stm32.12.3.rel1.win32_1.0.200.202406191623/tools/bin/../lib/gcc/arm-none-eabi/12.3.1/thumb/v7-m/nofp/crtbegin.o
 .ARM.attributes
                0x0000004a       0x2d ./Core/Src/gpio.o
 .ARM.attributes
                0x00000077       0x2d ./Core/Src/main.o
 .ARM.attributes
                0x000000a4       0x2d ./Core/Src/motor.o
 .ARM.attributes
                0x000000d1       0x2d ./Core/Src/stm32f1xx_hal_msp.o
 .ARM.attributes
                0x000000fe       0x2d ./Core/Src/stm32f1xx_it.o
 .ARM.attributes
                0x0000012b       0x2d ./Core/Src/system_stm32f1xx.o
 .ARM.attributes
                0x00000158       0x2d ./Core/Src/tim.o
 .ARM.attributes
                0x00000185       0x2d ./Core/Src/usart.o
 .ARM.attributes
                0x000001b2       0x21 ./Core/Startup/startup_stm32f103c8tx.o
 .ARM.attributes
                0x000001d3       0x2d ./Drivers/STM32F1xx_HAL_Driver/Src/stm32f1xx_hal.o
 .ARM.attributes
                0x00000200       0x2d ./Drivers/STM32F1xx_HAL_Driver/Src/stm32f1xx_hal_cortex.o
 .ARM.attributes
                0x0000022d       0x2d ./Drivers/STM32F1xx_HAL_Driver/Src/stm32f1xx_hal_dma.o
 .ARM.attributes
                0x0000025a       0x2d ./Drivers/STM32F1xx_HAL_Driver/Src/stm32f1xx_hal_gpio.o
 .ARM.attributes
                0x00000287       0x2d ./Drivers/STM32F1xx_HAL_Driver/Src/stm32f1xx_hal_rcc.o
 .ARM.attributes
                0x000002b4       0x2d ./Drivers/STM32F1xx_HAL_Driver/Src/stm32f1xx_hal_tim.o
 .ARM.attributes
                0x000002e1       0x2d ./Drivers/STM32F1xx_HAL_Driver/Src/stm32f1xx_hal_tim_ex.o
 .ARM.attributes
                0x0000030e       0x2d ./Drivers/STM32F1xx_HAL_Driver/Src/stm32f1xx_hal_uart.o
 .ARM.attributes
                0x0000033b       0x2d C:/ST/STM32CubeIDE_1.16.1/STM32CubeIDE/plugins/com.st.stm32cube.ide.mcu.externaltools.gnu-tools-for-stm32.12.3.rel1.win32_1.0.200.202406191623/tools/bin/../lib/gcc/arm-none-eabi/12.3.1/../../../../arm-none-eabi/lib/thumb/v7-m/nofp\libc_nano.a(libc_a-memset.o)
 .ARM.attributes
                0x00000368       0x2d C:/ST/STM32CubeIDE_1.16.1/STM32CubeIDE/plugins/com.st.stm32cube.ide.mcu.externaltools.gnu-tools-for-stm32.12.3.rel1.win32_1.0.200.202406191623/tools/bin/../lib/gcc/arm-none-eabi/12.3.1/../../../../arm-none-eabi/lib/thumb/v7-m/nofp\libc_nano.a(libc_a-init.o)
 .ARM.attributes
                0x00000395       0x1b C:/ST/STM32CubeIDE_1.16.1/STM32CubeIDE/plugins/com.st.stm32cube.ide.mcu.externaltools.gnu-tools-for-stm32.12.3.rel1.win32_1.0.200.202406191623/tools/bin/../lib/gcc/arm-none-eabi/12.3.1/../../../../arm-none-eabi/lib/thumb/v7-m/nofp\libc_nano.a(libc_a-setjmp.o)
 .ARM.attributes
                0x000003b0       0x17 C:/ST/STM32CubeIDE_1.16.1/STM32CubeIDE/plugins/com.st.stm32cube.ide.mcu.externaltools.gnu-tools-for-stm32.12.3.rel1.win32_1.0.200.202406191623/tools/bin/../lib/gcc/arm-none-eabi/12.3.1/../../../../arm-none-eabi/lib/thumb/v7-m/nofp\libc_nano.a(libc_a-strlen.o)
 .ARM.attributes
                0x000003c7       0x1d C:/ST/STM32CubeIDE_1.16.1/STM32CubeIDE/plugins/com.st.stm32cube.ide.mcu.externaltools.gnu-tools-for-stm32.12.3.rel1.win32_1.0.200.202406191623/tools/bin/../lib/gcc/arm-none-eabi/12.3.1/thumb/v7-m/nofp\libgcc.a(_arm_mulsf3.o)
 .ARM.attributes
                0x000003e4       0x1d C:/ST/STM32CubeIDE_1.16.1/STM32CubeIDE/plugins/com.st.stm32cube.ide.mcu.externaltools.gnu-tools-for-stm32.12.3.rel1.win32_1.0.200.202406191623/tools/bin/../lib/gcc/arm-none-eabi/12.3.1/thumb/v7-m/nofp\libgcc.a(_arm_addsubsf3.o)
 .ARM.attributes
                0x00000401       0x1d C:/ST/STM32CubeIDE_1.16.1/STM32CubeIDE/plugins/com.st.stm32cube.ide.mcu.externaltools.gnu-tools-for-stm32.12.3.rel1.win32_1.0.200.202406191623/tools/bin/../lib/gcc/arm-none-eabi/12.3.1/thumb/v7-m/nofp\libgcc.a(_arm_cmpsf2.o)
 .ARM.attributes
                0x0000041e       0x1d C:/ST/STM32CubeIDE_1.16.1/STM32CubeIDE/plugins/com.st.stm32cube.ide.mcu.externaltools.gnu-tools-for-stm32.12.3.rel1.win32_1.0.200.202406191623/tools/bin/../lib/gcc/arm-none-eabi/12.3.1/thumb/v7-m/nofp\libgcc.a(_arm_fixsfsi.o)
 .ARM.attributes
                0x0000043b       0x2d C:/ST/STM32CubeIDE_1.16.1/STM32CubeIDE/plugins/com.st.stm32cube.ide.mcu.externaltools.gnu-tools-for-stm32.12.3.rel1.win32_1.0.200.202406191623/tools/bin/../lib/gcc/arm-none-eabi/12.3.1/thumb/v7-m/nofp\libgcc.a(unwind-arm.o)
 .ARM.attributes
                0x00000468       0x1d C:/ST/STM32CubeIDE_1.16.1/STM32CubeIDE/plugins/com.st.stm32cube.ide.mcu.externaltools.gnu-tools-for-stm32.12.3.rel1.win32_1.0.200.202406191623/tools/bin/../lib/gcc/arm-none-eabi/12.3.1/thumb/v7-m/nofp\libgcc.a(libunwind.o)
 .ARM.attributes
                0x00000485       0x2d C:/ST/STM32CubeIDE_1.16.1/STM32CubeIDE/plugins/com.st.stm32cube.ide.mcu.externaltools.gnu-tools-for-stm32.12.3.rel1.win32_1.0.200.202406191623/tools/bin/../lib/gcc/arm-none-eabi/12.3.1/thumb/v7-m/nofp\libgcc.a(pr-support.o)
 .ARM.attributes
                0x000004b2       0x2d C:/ST/STM32CubeIDE_1.16.1/STM32CubeIDE/plugins/com.st.stm32cube.ide.mcu.externaltools.gnu-tools-for-stm32.12.3.rel1.win32_1.0.200.202406191623/tools/bin/../lib/gcc/arm-none-eabi/12.3.1/../../../../arm-none-eabi/lib/thumb/v7-m/nofp\libc_nano.a(libc_a-abort.o)
 .ARM.attributes
                0x000004df       0x2d C:/ST/STM32CubeIDE_1.16.1/STM32CubeIDE/plugins/com.st.stm32cube.ide.mcu.externaltools.gnu-tools-for-stm32.12.3.rel1.win32_1.0.200.202406191623/tools/bin/../lib/gcc/arm-none-eabi/12.3.1/../../../../arm-none-eabi/lib/thumb/v7-m/nofp\libc_nano.a(libc_a-signal.o)
 .ARM.attributes
                0x0000050c       0x2d C:/ST/STM32CubeIDE_1.16.1/STM32CubeIDE/plugins/com.st.stm32cube.ide.mcu.externaltools.gnu-tools-for-stm32.12.3.rel1.win32_1.0.200.202406191623/tools/bin/../lib/gcc/arm-none-eabi/12.3.1/../../../../arm-none-eabi/lib/thumb/v7-m/nofp\libc_nano.a(libc_a-signalr.o)
 .ARM.attributes
                0x00000539       0x2d C:/ST/STM32CubeIDE_1.16.1/STM32CubeIDE/plugins/com.st.stm32cube.ide.mcu.externaltools.gnu-tools-for-stm32.12.3.rel1.win32_1.0.200.202406191623/tools/bin/../lib/gcc/arm-none-eabi/12.3.1/../../../../arm-none-eabi/lib/thumb/v7-m/nofp\libc_nano.a(libc_a-memcpy-stub.o)
 .ARM.attributes
                0x00000566       0x1d C:/ST/STM32CubeIDE_1.16.1/STM32CubeIDE/plugins/com.st.stm32cube.ide.mcu.externaltools.gnu-tools-for-stm32.12.3.rel1.win32_1.0.200.202406191623/tools/bin/../lib/gcc/arm-none-eabi/12.3.1/thumb/v7-m/nofp/crtn.o
OUTPUT(Neko.elf elf32-littlearm)
LOAD linker stubs
LOAD C:/ST/STM32CubeIDE_1.16.1/STM32CubeIDE/plugins/com.st.stm32cube.ide.mcu.externaltools.gnu-tools-for-stm32.12.3.rel1.win32_1.0.200.202406191623/tools/bin/../lib/gcc/arm-none-eabi/12.3.1/../../../../arm-none-eabi/lib/thumb/v7-m/nofp\libc.a
LOAD C:/ST/STM32CubeIDE_1.16.1/STM32CubeIDE/plugins/com.st.stm32cube.ide.mcu.externaltools.gnu-tools-for-stm32.12.3.rel1.win32_1.0.200.202406191623/tools/bin/../lib/gcc/arm-none-eabi/12.3.1/../../../../arm-none-eabi/lib/thumb/v7-m/nofp\libm.a
LOAD C:/ST/STM32CubeIDE_1.16.1/STM32CubeIDE/plugins/com.st.stm32cube.ide.mcu.externaltools.gnu-tools-for-stm32.12.3.rel1.win32_1.0.200.202406191623/tools/bin/../lib/gcc/arm-none-eabi/12.3.1/thumb/v7-m/nofp\libgcc.a

.debug_info     0x00000000     0xd113
 .debug_info    0x00000000      0x3f5 ./Core/Src/gpio.o
 .debug_info    0x000003f5      0xa75 ./Core/Src/main.o
 .debug_info    0x00000e6a      0x836 ./Core/Src/motor.o
 .debug_info    0x000016a0      0x1f1 ./Core/Src/stm32f1xx_hal_msp.o
 .debug_info    0x00001891      0xb51 ./Core/Src/stm32f1xx_it.o
 .debug_info    0x000023e2      0x222 ./Core/Src/system_stm32f1xx.o
 .debug_info    0x00002604      0xef7 ./Core/Src/tim.o
 .debug_info    0x000034fb      0x92a ./Core/Src/usart.o
 .debug_info    0x00003e25       0x30 ./Core/Startup/startup_stm32f103c8tx.o
 .debug_info    0x00003e55      0x704 ./Drivers/STM32F1xx_HAL_Driver/Src/stm32f1xx_hal.o
 .debug_info    0x00004559      0xa87 ./Drivers/STM32F1xx_HAL_Driver/Src/stm32f1xx_hal_cortex.o
 .debug_info    0x00004fe0      0x6d2 ./Drivers/STM32F1xx_HAL_Driver/Src/stm32f1xx_hal_dma.o
 .debug_info    0x000056b2      0x5ab ./Drivers/STM32F1xx_HAL_Driver/Src/stm32f1xx_hal_gpio.o
 .debug_info    0x00005c5d      0x7d5 ./Drivers/STM32F1xx_HAL_Driver/Src/stm32f1xx_hal_rcc.o
 .debug_info    0x00006432     0x2959 ./Drivers/STM32F1xx_HAL_Driver/Src/stm32f1xx_hal_tim.o
 .debug_info    0x00008d8b     0x149b ./Drivers/STM32F1xx_HAL_Driver/Src/stm32f1xx_hal_tim_ex.o
 .debug_info    0x0000a226     0x2eed ./Drivers/STM32F1xx_HAL_Driver/Src/stm32f1xx_hal_uart.o

.debug_abbrev   0x00000000     0x229c
 .debug_abbrev  0x00000000      0x15e ./Core/Src/gpio.o
 .debug_abbrev  0x0000015e      0x28d ./Core/Src/main.o
 .debug_abbrev  0x000003eb      0x1f3 ./Core/Src/motor.o
 .debug_abbrev  0x000005de       0xdb ./Core/Src/stm32f1xx_hal_msp.o
 .debug_abbrev  0x000006b9      0x293 ./Core/Src/stm32f1xx_it.o
 .debug_abbrev  0x0000094c      0x13f ./Core/Src/system_stm32f1xx.o
 .debug_abbrev  0x00000a8b      0x276 ./Core/Src/tim.o
 .debug_abbrev  0x00000d01      0x205 ./Core/Src/usart.o
 .debug_abbrev  0x00000f06       0x24 ./Core/Startup/startup_stm32f103c8tx.o
 .debug_abbrev  0x00000f2a      0x201 ./Drivers/STM32F1xx_HAL_Driver/Src/stm32f1xx_hal.o
 .debug_abbrev  0x0000112b      0x2f8 ./Drivers/STM32F1xx_HAL_Driver/Src/stm32f1xx_hal_cortex.o
 .debug_abbrev  0x00001423      0x20b ./Drivers/STM32F1xx_HAL_Driver/Src/stm32f1xx_hal_dma.o
 .debug_abbrev  0x0000162e      0x1ca ./Drivers/STM32F1xx_HAL_Driver/Src/stm32f1xx_hal_gpio.o
 .debug_abbrev  0x000017f8      0x2b3 ./Drivers/STM32F1xx_HAL_Driver/Src/stm32f1xx_hal_rcc.o
 .debug_abbrev  0x00001aab      0x277 ./Drivers/STM32F1xx_HAL_Driver/Src/stm32f1xx_hal_tim.o
 .debug_abbrev  0x00001d22      0x282 ./Drivers/STM32F1xx_HAL_Driver/Src/stm32f1xx_hal_tim_ex.o
 .debug_abbrev  0x00001fa4      0x2f8 ./Drivers/STM32F1xx_HAL_Driver/Src/stm32f1xx_hal_uart.o

.debug_aranges  0x00000000      0xd10
 .debug_aranges
                0x00000000       0x20 ./Core/Src/gpio.o
 .debug_aranges
                0x00000020       0x40 ./Core/Src/main.o
 .debug_aranges
                0x00000060       0x98 ./Core/Src/motor.o
 .debug_aranges
                0x000000f8       0x20 ./Core/Src/stm32f1xx_hal_msp.o
 .debug_aranges
                0x00000118       0x90 ./Core/Src/stm32f1xx_it.o
 .debug_aranges
                0x000001a8       0x28 ./Core/Src/system_stm32f1xx.o
 .debug_aranges
                0x000001d0       0x60 ./Core/Src/tim.o
 .debug_aranges
                0x00000230       0x30 ./Core/Src/usart.o
 .debug_aranges
                0x00000260       0x28 ./Core/Startup/startup_stm32f103c8tx.o
 .debug_aranges
                0x00000288       0xe0 ./Drivers/STM32F1xx_HAL_Driver/Src/stm32f1xx_hal.o
 .debug_aranges
                0x00000368      0x100 ./Drivers/STM32F1xx_HAL_Driver/Src/stm32f1xx_hal_cortex.o
 .debug_aranges
                0x00000468       0x80 ./Drivers/STM32F1xx_HAL_Driver/Src/stm32f1xx_hal_dma.o
 .debug_aranges
                0x000004e8       0x58 ./Drivers/STM32F1xx_HAL_Driver/Src/stm32f1xx_hal_gpio.o
 .debug_aranges
                0x00000540       0x90 ./Drivers/STM32F1xx_HAL_Driver/Src/stm32f1xx_hal_rcc.o
 .debug_aranges
                0x000005d0      0x3d0 ./Drivers/STM32F1xx_HAL_Driver/Src/stm32f1xx_hal_tim.o
 .debug_aranges
                0x000009a0      0x168 ./Drivers/STM32F1xx_HAL_Driver/Src/stm32f1xx_hal_tim_ex.o
 .debug_aranges
                0x00000b08      0x208 ./Drivers/STM32F1xx_HAL_Driver/Src/stm32f1xx_hal_uart.o

.debug_rnglists
                0x00000000      0xa2f
 .debug_rnglists
                0x00000000       0x14 ./Core/Src/gpio.o
 .debug_rnglists
                0x00000014       0x2e ./Core/Src/main.o
 .debug_rnglists
                0x00000042       0x6d ./Core/Src/motor.o
 .debug_rnglists
                0x000000af       0x13 ./Core/Src/stm32f1xx_hal_msp.o
 .debug_rnglists
                0x000000c2       0x69 ./Core/Src/stm32f1xx_it.o
 .debug_rnglists
                0x0000012b       0x1a ./Core/Src/system_stm32f1xx.o
 .debug_rnglists
                0x00000145       0x49 ./Core/Src/tim.o
 .debug_rnglists
                0x0000018e       0x20 ./Core/Src/usart.o
 .debug_rnglists
                0x000001ae       0x19 ./Core/Startup/startup_stm32f103c8tx.o
 .debug_rnglists
                0x000001c7       0xa3 ./Drivers/STM32F1xx_HAL_Driver/Src/stm32f1xx_hal.o
 .debug_rnglists
                0x0000026a       0xbb ./Drivers/STM32F1xx_HAL_Driver/Src/stm32f1xx_hal_cortex.o
 .debug_rnglists
                0x00000325       0x64 ./Drivers/STM32F1xx_HAL_Driver/Src/stm32f1xx_hal_dma.o
 .debug_rnglists
                0x00000389       0x3f ./Drivers/STM32F1xx_HAL_Driver/Src/stm32f1xx_hal_gpio.o
 .debug_rnglists
                0x000003c8       0x6c ./Drivers/STM32F1xx_HAL_Driver/Src/stm32f1xx_hal_rcc.o
 .debug_rnglists
                0x00000434      0x31a ./Drivers/STM32F1xx_HAL_Driver/Src/stm32f1xx_hal_tim.o
 .debug_rnglists
                0x0000074e      0x125 ./Drivers/STM32F1xx_HAL_Driver/Src/stm32f1xx_hal_tim_ex.o
 .debug_rnglists
                0x00000873      0x1bc ./Drivers/STM32F1xx_HAL_Driver/Src/stm32f1xx_hal_uart.o

.debug_macro    0x00000000    0x17ca8
 .debug_macro   0x00000000      0x1bc ./Core/Src/gpio.o
 .debug_macro   0x000001bc      0xaa8 ./Core/Src/gpio.o
 .debug_macro   0x00000c64      0x21b ./Core/Src/gpio.o
 .debug_macro   0x00000e7f       0x2e ./Core/Src/gpio.o
 .debug_macro   0x00000ead       0x22 ./Core/Src/gpio.o
 .debug_macro   0x00000ecf       0x22 ./Core/Src/gpio.o
 .debug_macro   0x00000ef1       0x8e ./Core/Src/gpio.o
 .debug_macro   0x00000f7f       0x51 ./Core/Src/gpio.o
 .debug_macro   0x00000fd0      0x103 ./Core/Src/gpio.o
 .debug_macro   0x000010d3       0x6a ./Core/Src/gpio.o
 .debug_macro   0x0000113d      0x1df ./Core/Src/gpio.o
 .debug_macro   0x0000131c       0x1c ./Core/Src/gpio.o
 .debug_macro   0x00001338       0x22 ./Core/Src/gpio.o
 .debug_macro   0x0000135a       0xbd ./Core/Src/gpio.o
 .debug_macro   0x00001417      0xd23 ./Core/Src/gpio.o
 .debug_macro   0x0000213a     0xe09e ./Core/Src/gpio.o
 .debug_macro   0x000101d8       0x6d ./Core/Src/gpio.o
 .debug_macro   0x00010245     0x34a2 ./Core/Src/gpio.o
 .debug_macro   0x000136e7      0x189 ./Core/Src/gpio.o
 .debug_macro   0x00013870       0x5c ./Core/Src/gpio.o
 .debug_macro   0x000138cc      0x5bc ./Core/Src/gpio.o
 .debug_macro   0x00013e88      0x289 ./Core/Src/gpio.o
 .debug_macro   0x00014111      0x1cb ./Core/Src/gpio.o
 .debug_macro   0x000142dc      0x114 ./Core/Src/gpio.o
 .debug_macro   0x000143f0      0x1b2 ./Core/Src/gpio.o
 .debug_macro   0x000145a2       0x27 ./Core/Src/gpio.o
 .debug_macro   0x000145c9      0x136 ./Core/Src/gpio.o
 .debug_macro   0x000146ff      0x1bc ./Core/Src/gpio.o
 .debug_macro   0x000148bb       0x34 ./Core/Src/gpio.o
 .debug_macro   0x000148ef       0x3c ./Core/Src/gpio.o
 .debug_macro   0x0001492b       0x57 ./Core/Src/gpio.o
 .debug_macro   0x00014982       0x87 ./Core/Src/gpio.o
 .debug_macro   0x00014a09      0x240 ./Core/Src/gpio.o
 .debug_macro   0x00014c49      0x140 ./Core/Src/gpio.o
 .debug_macro   0x00014d89      0x8ed ./Core/Src/gpio.o
 .debug_macro   0x00015676      0x28e ./Core/Src/gpio.o
 .debug_macro   0x00015904       0x83 ./Core/Src/gpio.o
 .debug_macro   0x00015987       0x28 ./Core/Src/gpio.o
 .debug_macro   0x000159af      0x1de ./Core/Src/main.o
 .debug_macro   0x00015b8d      0x1fc ./Core/Src/motor.o
 .debug_macro   0x00015d89      0x1b2 ./Core/Src/stm32f1xx_hal_msp.o
 .debug_macro   0x00015f3b      0x2a7 ./Core/Src/stm32f1xx_it.o
 .debug_macro   0x000161e2       0x61 ./Core/Src/stm32f1xx_it.o
 .debug_macro   0x00016243       0x24 ./Core/Src/stm32f1xx_it.o
 .debug_macro   0x00016267       0x43 ./Core/Src/stm32f1xx_it.o
 .debug_macro   0x000162aa       0x34 ./Core/Src/stm32f1xx_it.o
 .debug_macro   0x000162de       0x16 ./Core/Src/stm32f1xx_it.o
 .debug_macro   0x000162f4       0x43 ./Core/Src/stm32f1xx_it.o
 .debug_macro   0x00016337       0x34 ./Core/Src/stm32f1xx_it.o
 .debug_macro   0x0001636b       0x10 ./Core/Src/stm32f1xx_it.o
 .debug_macro   0x0001637b       0x58 ./Core/Src/stm32f1xx_it.o
 .debug_macro   0x000163d3       0x8e ./Core/Src/stm32f1xx_it.o
 .debug_macro   0x00016461       0x1c ./Core/Src/stm32f1xx_it.o
 .debug_macro   0x0001647d      0x177 ./Core/Src/stm32f1xx_it.o
 .debug_macro   0x000165f4      0x369 ./Core/Src/stm32f1xx_it.o
 .debug_macro   0x0001695d       0x10 ./Core/Src/stm32f1xx_it.o
 .debug_macro   0x0001696d       0x35 ./Core/Src/stm32f1xx_it.o
 .debug_macro   0x000169a2       0x20 ./Core/Src/stm32f1xx_it.o
 .debug_macro   0x000169c2       0x10 ./Core/Src/stm32f1xx_it.o
 .debug_macro   0x000169d2      0x1a3 ./Core/Src/system_stm32f1xx.o
 .debug_macro   0x00016b75      0x1bc ./Core/Src/tim.o
 .debug_macro   0x00016d31      0x1bc ./Core/Src/usart.o
 .debug_macro   0x00016eed      0x1c7 ./Drivers/STM32F1xx_HAL_Driver/Src/stm32f1xx_hal.o
 .debug_macro   0x000170b4      0x1a3 ./Drivers/STM32F1xx_HAL_Driver/Src/stm32f1xx_hal_cortex.o
 .debug_macro   0x00017257      0x1a3 ./Drivers/STM32F1xx_HAL_Driver/Src/stm32f1xx_hal_dma.o
 .debug_macro   0x000173fa      0x20e ./Drivers/STM32F1xx_HAL_Driver/Src/stm32f1xx_hal_gpio.o
 .debug_macro   0x00017608      0x1b5 ./Drivers/STM32F1xx_HAL_Driver/Src/stm32f1xx_hal_rcc.o
 .debug_macro   0x000177bd      0x1a4 ./Drivers/STM32F1xx_HAL_Driver/Src/stm32f1xx_hal_tim.o
 .debug_macro   0x00017961      0x1a3 ./Drivers/STM32F1xx_HAL_Driver/Src/stm32f1xx_hal_tim_ex.o
 .debug_macro   0x00017b04      0x1a4 ./Drivers/STM32F1xx_HAL_Driver/Src/stm32f1xx_hal_uart.o

.debug_line     0x00000000     0xf54b
 .debug_line    0x00000000      0x71f ./Core/Src/gpio.o
 .debug_line    0x0000071f      0x8ea ./Core/Src/main.o
 .debug_line    0x00001009      0x8cc ./Core/Src/motor.o
 .debug_line    0x000018d5      0x706 ./Core/Src/stm32f1xx_hal_msp.o
 .debug_line    0x00001fdb      0xa6c ./Core/Src/stm32f1xx_it.o
 .debug_line    0x00002a47      0x783 ./Core/Src/system_stm32f1xx.o
 .debug_line    0x000031ca      0x9d8 ./Core/Src/tim.o
 .debug_line    0x00003ba2      0x777 ./Core/Src/usart.o
 .debug_line    0x00004319       0x78 ./Core/Startup/startup_stm32f103c8tx.o
 .debug_line    0x00004391      0x9b0 ./Drivers/STM32F1xx_HAL_Driver/Src/stm32f1xx_hal.o
 .debug_line    0x00004d41      0xb9c ./Drivers/STM32F1xx_HAL_Driver/Src/stm32f1xx_hal_cortex.o
 .debug_line    0x000058dd      0xe09 ./Drivers/STM32F1xx_HAL_Driver/Src/stm32f1xx_hal_dma.o
 .debug_line    0x000066e6      0xa49 ./Drivers/STM32F1xx_HAL_Driver/Src/stm32f1xx_hal_gpio.o
 .debug_line    0x0000712f      0xdb9 ./Drivers/STM32F1xx_HAL_Driver/Src/stm32f1xx_hal_rcc.o
 .debug_line    0x00007ee8     0x34d5 ./Drivers/STM32F1xx_HAL_Driver/Src/stm32f1xx_hal_tim.o
 .debug_line    0x0000b3bd     0x18ff ./Drivers/STM32F1xx_HAL_Driver/Src/stm32f1xx_hal_tim_ex.o
 .debug_line    0x0000ccbc     0x288f ./Drivers/STM32F1xx_HAL_Driver/Src/stm32f1xx_hal_uart.o

.debug_str      0x00000000    0x89d5b
 .debug_str     0x00000000    0x836e9 ./Core/Src/gpio.o
                              0x83a97 (size before relaxing)
 .debug_str     0x000836e9      0x75c ./Core/Src/main.o
                              0x83ee1 (size before relaxing)
 .debug_str     0x00083e45      0x167 ./Core/Src/motor.o
                              0x83d7d (size before relaxing)
 .debug_str     0x00083fac       0x5a ./Core/Src/stm32f1xx_hal_msp.o
                              0x83754 (size before relaxing)
 .debug_str     0x00084006     0x351a ./Core/Src/stm32f1xx_it.o
                              0x8715d (size before relaxing)
 .debug_str     0x00087520       0x7e ./Core/Src/system_stm32f1xx.o
                              0x836f8 (size before relaxing)
 .debug_str     0x0008759e      0x3a5 ./Core/Src/tim.o
                              0x84371 (size before relaxing)
 .debug_str     0x00087943       0x51 ./Core/Src/usart.o
                              0x83f2f (size before relaxing)
 .debug_str     0x00087994       0x44 ./Core/Startup/startup_stm32f103c8tx.o
                                 0x61 (size before relaxing)
 .debug_str     0x000879d8      0x384 ./Drivers/STM32F1xx_HAL_Driver/Src/stm32f1xx_hal.o
                              0x83e2b (size before relaxing)
 .debug_str     0x00087d5c      0x294 ./Drivers/STM32F1xx_HAL_Driver/Src/stm32f1xx_hal_cortex.o
                              0x83d77 (size before relaxing)
 .debug_str     0x00087ff0      0x235 ./Drivers/STM32F1xx_HAL_Driver/Src/stm32f1xx_hal_dma.o
                              0x83aa1 (size before relaxing)
 .debug_str     0x00088225      0x31d ./Drivers/STM32F1xx_HAL_Driver/Src/stm32f1xx_hal_gpio.o
                              0x83a7e (size before relaxing)
 .debug_str     0x00088542      0x229 ./Drivers/STM32F1xx_HAL_Driver/Src/stm32f1xx_hal_rcc.o
                              0x83b27 (size before relaxing)
 .debug_str     0x0008876b      0xc1f ./Drivers/STM32F1xx_HAL_Driver/Src/stm32f1xx_hal_tim.o
                              0x84b29 (size before relaxing)
 .debug_str     0x0008938a      0x3e1 ./Drivers/STM32F1xx_HAL_Driver/Src/stm32f1xx_hal_tim_ex.o
                              0x84335 (size before relaxing)
 .debug_str     0x0008976b      0x5f0 ./Drivers/STM32F1xx_HAL_Driver/Src/stm32f1xx_hal_uart.o
                              0x84198 (size before relaxing)

.comment        0x00000000       0x43
 .comment       0x00000000       0x43 ./Core/Src/gpio.o
                                 0x44 (size before relaxing)
 .comment       0x00000043       0x44 ./Core/Src/main.o
 .comment       0x00000043       0x44 ./Core/Src/motor.o
 .comment       0x00000043       0x44 ./Core/Src/stm32f1xx_hal_msp.o
 .comment       0x00000043       0x44 ./Core/Src/stm32f1xx_it.o
 .comment       0x00000043       0x44 ./Core/Src/system_stm32f1xx.o
 .comment       0x00000043       0x44 ./Core/Src/tim.o
 .comment       0x00000043       0x44 ./Core/Src/usart.o
 .comment       0x00000043       0x44 ./Drivers/STM32F1xx_HAL_Driver/Src/stm32f1xx_hal.o
 .comment       0x00000043       0x44 ./Drivers/STM32F1xx_HAL_Driver/Src/stm32f1xx_hal_cortex.o
 .comment       0x00000043       0x44 ./Drivers/STM32F1xx_HAL_Driver/Src/stm32f1xx_hal_dma.o
 .comment       0x00000043       0x44 ./Drivers/STM32F1xx_HAL_Driver/Src/stm32f1xx_hal_gpio.o
 .comment       0x00000043       0x44 ./Drivers/STM32F1xx_HAL_Driver/Src/stm32f1xx_hal_rcc.o
 .comment       0x00000043       0x44 ./Drivers/STM32F1xx_HAL_Driver/Src/stm32f1xx_hal_tim.o
 .comment       0x00000043       0x44 ./Drivers/STM32F1xx_HAL_Driver/Src/stm32f1xx_hal_tim_ex.o
 .comment       0x00000043       0x44 ./Drivers/STM32F1xx_HAL_Driver/Src/stm32f1xx_hal_uart.o

.debug_frame    0x00000000     0x3bec
 .debug_frame   0x00000000       0x34 ./Core/Src/gpio.o
 .debug_frame   0x00000034       0xbc ./Core/Src/main.o
 .debug_frame   0x000000f0      0x22c ./Core/Src/motor.o
 .debug_frame   0x0000031c       0x38 ./Core/Src/stm32f1xx_hal_msp.o
 .debug_frame   0x00000354      0x1b8 ./Core/Src/stm32f1xx_it.o
 .debug_frame   0x0000050c       0x58 ./Core/Src/system_stm32f1xx.o
 .debug_frame   0x00000564      0x154 ./Core/Src/tim.o
 .debug_frame   0x000006b8       0x74 ./Core/Src/usart.o
 .debug_frame   0x0000072c      0x334 ./Drivers/STM32F1xx_HAL_Driver/Src/stm32f1xx_hal.o
 .debug_frame   0x00000a60      0x428 ./Drivers/STM32F1xx_HAL_Driver/Src/stm32f1xx_hal_cortex.o
 .debug_frame   0x00000e88      0x208 ./Drivers/STM32F1xx_HAL_Driver/Src/stm32f1xx_hal_dma.o
 .debug_frame   0x00001090      0x14c ./Drivers/STM32F1xx_HAL_Driver/Src/stm32f1xx_hal_gpio.o
 .debug_frame   0x000011dc      0x218 ./Drivers/STM32F1xx_HAL_Driver/Src/stm32f1xx_hal_rcc.o
 .debug_frame   0x000013f4     0x11b8 ./Drivers/STM32F1xx_HAL_Driver/Src/stm32f1xx_hal_tim.o
 .debug_frame   0x000025ac      0x638 ./Drivers/STM32F1xx_HAL_Driver/Src/stm32f1xx_hal_tim_ex.o
 .debug_frame   0x00002be4      0x944 ./Drivers/STM32F1xx_HAL_Driver/Src/stm32f1xx_hal_uart.o
 .debug_frame   0x00003528       0x20 C:/ST/STM32CubeIDE_1.16.1/STM32CubeIDE/plugins/com.st.stm32cube.ide.mcu.externaltools.gnu-tools-for-stm32.12.3.rel1.win32_1.0.200.202406191623/tools/bin/../lib/gcc/arm-none-eabi/12.3.1/../../../../arm-none-eabi/lib/thumb/v7-m/nofp\libc_nano.a(libc_a-memset.o)
 .debug_frame   0x00003548       0x2c C:/ST/STM32CubeIDE_1.16.1/STM32CubeIDE/plugins/com.st.stm32cube.ide.mcu.externaltools.gnu-tools-for-stm32.12.3.rel1.win32_1.0.200.202406191623/tools/bin/../lib/gcc/arm-none-eabi/12.3.1/../../../../arm-none-eabi/lib/thumb/v7-m/nofp\libc_nano.a(libc_a-init.o)
 .debug_frame   0x00003574       0x24 C:/ST/STM32CubeIDE_1.16.1/STM32CubeIDE/plugins/com.st.stm32cube.ide.mcu.externaltools.gnu-tools-for-stm32.12.3.rel1.win32_1.0.200.202406191623/tools/bin/../lib/gcc/arm-none-eabi/12.3.1/thumb/v7-m/nofp\libgcc.a(_arm_mulsf3.o)
 .debug_frame   0x00003598       0x4c C:/ST/STM32CubeIDE_1.16.1/STM32CubeIDE/plugins/com.st.stm32cube.ide.mcu.externaltools.gnu-tools-for-stm32.12.3.rel1.win32_1.0.200.202406191623/tools/bin/../lib/gcc/arm-none-eabi/12.3.1/thumb/v7-m/nofp\libgcc.a(_arm_addsubsf3.o)
 .debug_frame   0x000035e4       0xc8 C:/ST/STM32CubeIDE_1.16.1/STM32CubeIDE/plugins/com.st.stm32cube.ide.mcu.externaltools.gnu-tools-for-stm32.12.3.rel1.win32_1.0.200.202406191623/tools/bin/../lib/gcc/arm-none-eabi/12.3.1/thumb/v7-m/nofp\libgcc.a(_arm_cmpsf2.o)
 .debug_frame   0x000036ac       0x24 C:/ST/STM32CubeIDE_1.16.1/STM32CubeIDE/plugins/com.st.stm32cube.ide.mcu.externaltools.gnu-tools-for-stm32.12.3.rel1.win32_1.0.200.202406191623/tools/bin/../lib/gcc/arm-none-eabi/12.3.1/thumb/v7-m/nofp\libgcc.a(_arm_fixsfsi.o)
 .debug_frame   0x000036d0      0x2d0 C:/ST/STM32CubeIDE_1.16.1/STM32CubeIDE/plugins/com.st.stm32cube.ide.mcu.externaltools.gnu-tools-for-stm32.12.3.rel1.win32_1.0.200.202406191623/tools/bin/../lib/gcc/arm-none-eabi/12.3.1/thumb/v7-m/nofp\libgcc.a(unwind-arm.o)
 .debug_frame   0x000039a0       0xf4 C:/ST/STM32CubeIDE_1.16.1/STM32CubeIDE/plugins/com.st.stm32cube.ide.mcu.externaltools.gnu-tools-for-stm32.12.3.rel1.win32_1.0.200.202406191623/tools/bin/../lib/gcc/arm-none-eabi/12.3.1/thumb/v7-m/nofp\libgcc.a(pr-support.o)
 .debug_frame   0x00003a94       0x28 C:/ST/STM32CubeIDE_1.16.1/STM32CubeIDE/plugins/com.st.stm32cube.ide.mcu.externaltools.gnu-tools-for-stm32.12.3.rel1.win32_1.0.200.202406191623/tools/bin/../lib/gcc/arm-none-eabi/12.3.1/../../../../arm-none-eabi/lib/thumb/v7-m/nofp\libc_nano.a(libc_a-abort.o)
 .debug_frame   0x00003abc       0xcc C:/ST/STM32CubeIDE_1.16.1/STM32CubeIDE/plugins/com.st.stm32cube.ide.mcu.externaltools.gnu-tools-for-stm32.12.3.rel1.win32_1.0.200.202406191623/tools/bin/../lib/gcc/arm-none-eabi/12.3.1/../../../../arm-none-eabi/lib/thumb/v7-m/nofp\libc_nano.a(libc_a-signal.o)
 .debug_frame   0x00003b88       0x3c C:/ST/STM32CubeIDE_1.16.1/STM32CubeIDE/plugins/com.st.stm32cube.ide.mcu.externaltools.gnu-tools-for-stm32.12.3.rel1.win32_1.0.200.202406191623/tools/bin/../lib/gcc/arm-none-eabi/12.3.1/../../../../arm-none-eabi/lib/thumb/v7-m/nofp\libc_nano.a(libc_a-signalr.o)
 .debug_frame   0x00003bc4       0x28 C:/ST/STM32CubeIDE_1.16.1/STM32CubeIDE/plugins/com.st.stm32cube.ide.mcu.externaltools.gnu-tools-for-stm32.12.3.rel1.win32_1.0.200.202406191623/tools/bin/../lib/gcc/arm-none-eabi/12.3.1/../../../../arm-none-eabi/lib/thumb/v7-m/nofp\libc_nano.a(libc_a-memcpy-stub.o)

.debug_line_str
                0x00000000       0x45
 .debug_line_str
                0x00000000       0x45 ./Core/Startup/startup_stm32f103c8tx.o
